[    0.000000] Linux version 6.7.0-rc7 (root@fedora) (gcc (GCC) 13.2.1 20231011 (Red Hat 13.2.1-4), GNU ld version 2.39-16.fc38) #1 SMP PREEMPT_DYNAMIC Mon Feb 12 11:41:26 +04 2024
[    0.000000] Command line: BOOT_IMAGE=(hd0,gpt2)/vmlinuz-6.7.0-rc7 root=UUID=c1c80e09-533a-4e3c-9509-e1d1137f2e52 ro rootflags=subvol=root resume=UUID=157f520e-0fdd-48e5-8b92-ac45aca8d524 rhgb quiet
[    0.000000] BIOS-provided physical RAM map:
[    0.000000] BIOS-e820: [mem 0x0000000000000000-0x000000000009ffff] usable
[    0.000000] BIOS-e820: [mem 0x0000000000100000-0x000000002bd9bfff] usable
[    0.000000] BIOS-e820: [mem 0x000000002bd9c000-0x000000002bde4fff] reserved
[    0.000000] BIOS-e820: [mem 0x000000002bde5000-0x000000002c8eefff] usable
[    0.000000] BIOS-e820: [mem 0x000000002c8ef000-0x000000002cb6efff] reserved
[    0.000000] BIOS-e820: [mem 0x000000002cb6f000-0x000000002cb7efff] ACPI data
[    0.000000] BIOS-e820: [mem 0x000000002cb7f000-0x000000002cbfefff] ACPI NVS
[    0.000000] BIOS-e820: [mem 0x000000002cbff000-0x000000002d06afff] usable
[    0.000000] BIOS-e820: [mem 0x000000002d06b000-0x000000002dceffff] reserved
[    0.000000] BIOS-e820: [mem 0x00000000ffc00000-0x00000000ffffffff] reserved
[    0.000000] NX (Execute Disable) protection: active
[    0.000000] APIC: Static calls initialized
[    0.000000] efi: EFI v2.7 by EDK II
[    0.000000] efi: ACPI=0x2cb7e000 ACPI 2.0=0x2cb7e014 SMBIOS=0x2cbfd000 MOKvar=0x2c8fb000 
[    0.000000] efi: Remove mem131: MMIO range=[0xffc00000-0xffffffff] (4MB) from e820 map
[    0.000000] e820: remove [mem 0xffc00000-0xffffffff] reserved
[    0.000000] secureboot: Secure boot disabled
[    0.000000] SMBIOS 2.5 present.
[    0.000000] DMI: innotek GmbH VirtualBox/VirtualBox, BIOS VirtualBox 12/01/2006
[    0.000000] Hypervisor detected: KVM
[    0.000000] kvm-clock: Using msrs 4b564d01 and 4b564d00
[    0.000002] kvm-clock: using sched offset of 3626031290 cycles
[    0.000006] clocksource: kvm-clock: mask: 0xffffffffffffffff max_cycles: 0x1cd42e4dffb, max_idle_ns: 881590591483 ns
[    0.000012] tsc: Detected 1799.999 MHz processor
[    0.001399] e820: update [mem 0x00000000-0x00000fff] usable ==> reserved
[    0.001407] e820: remove [mem 0x000a0000-0x000fffff] usable
[    0.001415] last_pfn = 0x2d06b max_arch_pfn = 0x400000000
[    0.001422] MTRRs disabled by BIOS
[    0.001426] x86/PAT: Configuration [0-7]: WB  WC  UC- UC  WB  WP  UC- WT  
[    0.053503] secureboot: Secure boot disabled
[    0.053507] RAMDISK: [mem 0x250d6000-0x279bdfff]
[    0.053514] ACPI: Early table checksum verification disabled
[    0.053519] ACPI: RSDP 0x000000002CB7E014 000024 (v02 VBOX  )
[    0.053526] ACPI: XSDT 0x000000002CB7D0E8 000044 (v01 VBOX   VBOXFACP 00000001      01000013)
[    0.053535] ACPI: FACP 0x000000002CB79000 0000F4 (v04 VBOX   VBOXFACP 00000001 ASL  00000061)
[    0.053545] ACPI: DSDT 0x000000002CB7A000 002353 (v02 VBOX   VBOXBIOS 00000002 INTL 20100528)
[    0.053551] ACPI: FACS 0x000000002CBFE000 000040
[    0.053557] ACPI: APIC 0x000000002CB78000 00006C (v02 VBOX   VBOXAPIC 00000001 ASL  00000061)
[    0.053564] ACPI: SSDT 0x000000002CB77000 00036C (v01 VBOX   VBOXCPUT 00000002 INTL 20100528)
[    0.053571] ACPI: BGRT 0x000000002CB76000 000038 (v01 INTEL  EDK2     00000002      01000013)
[    0.053576] ACPI: Reserving FACP table memory at [mem 0x2cb79000-0x2cb790f3]
[    0.053578] ACPI: Reserving DSDT table memory at [mem 0x2cb7a000-0x2cb7c352]
[    0.053580] ACPI: Reserving FACS table memory at [mem 0x2cbfe000-0x2cbfe03f]
[    0.053581] ACPI: Reserving APIC table memory at [mem 0x2cb78000-0x2cb7806b]
[    0.053583] ACPI: Reserving SSDT table memory at [mem 0x2cb77000-0x2cb7736b]
[    0.053584] ACPI: Reserving BGRT table memory at [mem 0x2cb76000-0x2cb76037]
[    0.053803] No NUMA configuration found
[    0.053805] Faking a node at [mem 0x0000000000000000-0x000000002d06afff]
[    0.053813] NODE_DATA(0) allocated [mem 0x2cfbc000-0x2cfe7fff]
[    0.054365] Zone ranges:
[    0.054368]   DMA      [mem 0x0000000000001000-0x0000000000ffffff]
[    0.054371]   DMA32    [mem 0x0000000001000000-0x000000002d06afff]
[    0.054375]   Normal   empty
[    0.054377]   Device   empty
[    0.054380] Movable zone start for each node
[    0.054383] Early memory node ranges
[    0.054384]   node   0: [mem 0x0000000000001000-0x000000000009ffff]
[    0.054386]   node   0: [mem 0x0000000000100000-0x000000002bd9bfff]
[    0.054388]   node   0: [mem 0x000000002bde5000-0x000000002c8eefff]
[    0.054390]   node   0: [mem 0x000000002cbff000-0x000000002d06afff]
[    0.054391] Initmem setup node 0 [mem 0x0000000000001000-0x000000002d06afff]
[    0.054684] On node 0, zone DMA: 1 pages in unavailable ranges
[    0.054703] On node 0, zone DMA: 96 pages in unavailable ranges
[    0.056752] On node 0, zone DMA32: 73 pages in unavailable ranges
[    0.056774] On node 0, zone DMA32: 784 pages in unavailable ranges
[    0.056881] On node 0, zone DMA32: 12181 pages in unavailable ranges
[    0.057334] ACPI: PM-Timer IO Port: 0x4008
[    0.057398] IOAPIC[0]: apic_id 4, version 32, address 0xfec00000, GSI 0-23
[    0.057403] ACPI: INT_SRC_OVR (bus 0 bus_irq 0 global_irq 2 dfl dfl)
[    0.057406] ACPI: INT_SRC_OVR (bus 0 bus_irq 9 global_irq 9 low level)
[    0.057413] ACPI: Using ACPI (MADT) for SMP configuration information
[    0.057425] e820: update [mem 0x2b43e000-0x2b458fff] usable ==> reserved
[    0.057439] smpboot: Allowing 4 CPUs, 0 hotplug CPUs
[    0.057477] PM: hibernation: Registered nosave memory: [mem 0x00000000-0x00000fff]
[    0.057479] PM: hibernation: Registered nosave memory: [mem 0x000a0000-0x000fffff]
[    0.057481] PM: hibernation: Registered nosave memory: [mem 0x2b43e000-0x2b458fff]
[    0.057483] PM: hibernation: Registered nosave memory: [mem 0x2bd9c000-0x2bde4fff]
[    0.057485] PM: hibernation: Registered nosave memory: [mem 0x2c8ef000-0x2cb6efff]
[    0.057487] PM: hibernation: Registered nosave memory: [mem 0x2cb6f000-0x2cb7efff]
[    0.057488] PM: hibernation: Registered nosave memory: [mem 0x2cb7f000-0x2cbfefff]
[    0.057492] [mem 0x2dcf0000-0xffffffff] available for PCI devices
[    0.057494] Booting paravirtualized kernel on KVM
[    0.057497] clocksource: refined-jiffies: mask: 0xffffffff max_cycles: 0xffffffff, max_idle_ns: 1910969940391419 ns
[    0.063895] setup_percpu: NR_CPUS:8192 nr_cpumask_bits:4 nr_cpu_ids:4 nr_node_ids:1
[    0.064389] percpu: Embedded 66 pages/cpu s233472 r8192 d28672 u524288
[    0.064397] pcpu-alloc: s233472 r8192 d28672 u524288 alloc=1*2097152
[    0.064401] pcpu-alloc: [0] 0 1 2 3 
[    0.064428] kvm-guest: PV spinlocks enabled
[    0.064431] PV qspinlock hash table entries: 256 (order: 0, 4096 bytes, linear)
[    0.064439] Kernel command line: BOOT_IMAGE=(hd0,gpt2)/vmlinuz-6.7.0-rc7 root=UUID=c1c80e09-533a-4e3c-9509-e1d1137f2e52 ro rootflags=subvol=root resume=UUID=157f520e-0fdd-48e5-8b92-ac45aca8d524 rhgb quiet
[    0.064558] Unknown kernel command line parameters "rhgb BOOT_IMAGE=(hd0,gpt2)/vmlinuz-6.7.0-rc7", will be passed to user space.
[    0.064608] random: crng init done
[    0.064716] Dentry cache hash table entries: 131072 (order: 8, 1048576 bytes, linear)
[    0.064782] Inode-cache hash table entries: 65536 (order: 7, 524288 bytes, linear)
[    0.064898] Fallback order for Node 0: 0 
[    0.064902] Built 1 zonelists, mobility grouping on.  Total pages: 180432
[    0.064904] Policy zone: DMA32
[    0.065356] mem auto-init: stack:all(zero), heap alloc:off, heap free:off
[    0.067342] Memory: 587908K/733892K available (20480K kernel code, 3945K rwdata, 14352K rodata, 4620K init, 10256K bss, 145728K reserved, 0K cma-reserved)
[    0.068293] SLUB: HWalign=64, Order=0-3, MinObjects=0, CPUs=4, Nodes=1
[    0.068338] Kernel/User page tables isolation: enabled
[    0.068408] ftrace: allocating 53388 entries in 209 pages
[    0.078225] ftrace: allocated 209 pages with 4 groups
[    0.079966] Dynamic Preempt: voluntary
[    0.080052] rcu: Preemptible hierarchical RCU implementation.
[    0.080053] rcu: 	RCU restricting CPUs from NR_CPUS=8192 to nr_cpu_ids=4.
[    0.080055] 	Trampoline variant of Tasks RCU enabled.
[    0.080056] 	Rude variant of Tasks RCU enabled.
[    0.080057] 	Tracing variant of Tasks RCU enabled.
[    0.080059] rcu: RCU calculated value of scheduler-enlistment delay is 100 jiffies.
[    0.080060] rcu: Adjusting geometry for rcu_fanout_leaf=16, nr_cpu_ids=4
[    0.084609] NR_IRQS: 524544, nr_irqs: 456, preallocated irqs: 16
[    0.084908] rcu: srcu_init: Setting srcu_struct sizes based on contention.
[    0.085316] kfence: initialized - using 2097152 bytes for 255 objects at 0x(____ptrval____)-0x(____ptrval____)
[    0.085380] Console: colour dummy device 80x25
[    0.085400] printk: legacy console [tty0] enabled
[    0.085439] Lock dependency validator: Copyright (c) 2006 Red Hat, Inc., Ingo Molnar
[    0.085440] ... MAX_LOCKDEP_SUBCLASSES:  8
[    0.085442] ... MAX_LOCK_DEPTH:          48
[    0.085444] ... MAX_LOCKDEP_KEYS:        8192
[    0.085445] ... CLASSHASH_SIZE:          4096
[    0.085446] ... MAX_LOCKDEP_ENTRIES:     32768
[    0.085448] ... MAX_LOCKDEP_CHAINS:      65536
[    0.085449] ... CHAINHASH_SIZE:          32768
[    0.085451]  memory used by lock dependency info: 3765 kB
[    0.085452]  per task-struct memory footprint: 1920 bytes
[    0.085510] ACPI: Core revision 20230628
[    0.085708] APIC: Switch to symmetric I/O mode setup
[    0.086000] x2apic enabled
[    0.086449] APIC: Switched APIC routing to: physical x2apic
[    0.087796] ..TIMER: vector=0x30 apic1=0 pin1=2 apic2=-1 pin2=-1
[    0.087826] clocksource: tsc-early: mask: 0xffffffffffffffff max_cycles: 0x19f228ab7a2, max_idle_ns: 440795289252 ns
[    0.087836] Calibrating delay loop (skipped) preset value.. 3599.99 BogoMIPS (lpj=1799999)
[    0.087977] Last level iTLB entries: 4KB 64, 2MB 8, 4MB 8
[    0.087979] Last level dTLB entries: 4KB 64, 2MB 0, 4MB 0, 1GB 4
[    0.087986] Spectre V1 : Mitigation: usercopy/swapgs barriers and __user pointer sanitization
[    0.087989] Spectre V2 : Mitigation: Retpolines
[    0.087990] Spectre V2 : Spectre v2 / SpectreRSB mitigation: Filling RSB on context switch
[    0.087992] Spectre V2 : Spectre v2 / SpectreRSB : Filling RSB on VMEXIT
[    0.087993] RETBleed: WARNING: Spectre v2 mitigation leaves CPU vulnerable to RETBleed attacks, data leaks possible!
[    0.087997] RETBleed: Vulnerable
[    0.087999] Speculative Store Bypass: Vulnerable
[    0.088027] MDS: Mitigation: Clear CPU buffers
[    0.088030] MMIO Stale Data: Mitigation: Clear CPU buffers
[    0.088034] SRBDS: Unknown: Dependent on hypervisor status
[    0.088036] GDS: Unknown: Dependent on hypervisor status
[    0.088053] x86/fpu: Supporting XSAVE feature 0x001: 'x87 floating point registers'
[    0.088055] x86/fpu: Supporting XSAVE feature 0x002: 'SSE registers'
[    0.088057] x86/fpu: Supporting XSAVE feature 0x004: 'AVX registers'
[    0.088059] x86/fpu: xstate_offset[2]:  576, xstate_sizes[2]:  256
[    0.088061] x86/fpu: Enabled xstate features 0x7, context size is 832 bytes, using 'standard' format.
[    0.112187] Freeing SMP alternatives memory: 48K
[    0.112195] pid_max: default: 32768 minimum: 301
[    0.114832] LSM: initializing lsm=lockdown,capability,yama,selinux,bpf,landlock,integrity
[    0.114832] Yama: becoming mindful.
[    0.114832] SELinux:  Initializing.
[    0.114832] LSM support for eBPF active
[    0.114832] landlock: Up and running.
[    0.114832] stackdepot: allocating hash table of 65536 entries via kvcalloc
[    0.114832] Mount-cache hash table entries: 2048 (order: 2, 16384 bytes, linear)
[    0.114832] Mountpoint-cache hash table entries: 2048 (order: 2, 16384 bytes, linear)
[    0.211917] smpboot: CPU0: Intel(R) Core(TM) i5-8250U CPU @ 1.60GHz (family: 0x6, model: 0x8e, stepping: 0xa)
[    0.212360] RCU Tasks: Setting shift to 2 and lim to 1 rcu_task_cb_adjust=1.
[    0.212384] RCU Tasks Rude: Setting shift to 2 and lim to 1 rcu_task_cb_adjust=1.
[    0.212418] RCU Tasks Trace: Setting shift to 2 and lim to 1 rcu_task_cb_adjust=1.
[    0.212447] Performance Events: unsupported p6 CPU model 142 no PMU driver, software events only.
[    0.212479] signal: max sigframe size: 1776
[    0.212542] rcu: Hierarchical SRCU implementation.
[    0.212544] rcu: 	Max phase no-delay instances is 400.
[    0.212995] NMI watchdog: Perf NMI watchdog permanently disabled
[    0.213097] smp: Bringing up secondary CPUs ...
[    0.213336] smpboot: x86: Booting SMP configuration:
[    0.213338] .... node  #0, CPUs:      #1 #2 #3
[    0.216832] TSC synchronization [CPU#0 -> CPU#2]:
[    0.216832] Measured 91 cycles TSC warp between CPUs, turning off TSC clock.
[    0.216851] tsc: Marking TSC unstable due to check_tsc_sync_source failed
[    0.218074] smp: Brought up 1 node, 4 CPUs
[    0.218077] smpboot: Max logical packages: 1
[    0.218078] smpboot: Total of 4 processors activated (14399.99 BogoMIPS)
[    0.218967] devtmpfs: initialized
[    0.218967] device: 'platform': device_add
[    0.218967] PM: Adding info for No Bus:platform
[    0.218967] bus: 'platform': registered
[    0.218967] bus: 'cpu': registered
[    0.218967] device: 'cpu': device_add
[    0.218967] PM: Adding info for No Bus:cpu
[    0.218967] x86/mm: Memory block size: 128MB
[    0.218967] bus: 'memory': registered
[    0.218967] device: 'memory': device_add
[    0.218967] PM: Adding info for No Bus:memory
[    0.218967] device: 'memory0': device_add
[    0.218973] bus: 'memory': add device memory0
[    0.218986] PM: Adding info for memory:memory0
[    0.218997] device: 'memory1': device_add
[    0.219005] bus: 'memory': add device memory1
[    0.219012] PM: Adding info for memory:memory1
[    0.219017] device: 'memory2': device_add
[    0.219026] bus: 'memory': add device memory2
[    0.219033] PM: Adding info for memory:memory2
[    0.219037] device: 'memory3': device_add
[    0.219045] bus: 'memory': add device memory3
[    0.219053] PM: Adding info for memory:memory3
[    0.219057] device: 'memory4': device_add
[    0.219065] bus: 'memory': add device memory4
[    0.219072] PM: Adding info for memory:memory4
[    0.219076] device: 'memory5': device_add
[    0.219085] bus: 'memory': add device memory5
[    0.219092] PM: Adding info for memory:memory5
[    0.219102] bus: 'node': registered
[    0.219104] device: 'node': device_add
[    0.219118] PM: Adding info for No Bus:node
[    0.219120] device: 'node0': device_add
[    0.219135] bus: 'node': add device node0
[    0.219144] PM: Adding info for node:node0
[    0.219176] bus: 'container': registered
[    0.219178] device: 'container': device_add
[    0.219186] PM: Adding info for No Bus:container
[    0.219883] ACPI: PM: Registering ACPI NVS region [mem 0x2cb7f000-0x2cbfefff] (524288 bytes)
[    0.219926] bus: 'workqueue': registered
[    0.219929] device: 'workqueue': device_add
[    0.219938] PM: Adding info for No Bus:workqueue
[    0.219995] clocksource: jiffies: mask: 0xffffffff max_cycles: 0xffffffff, max_idle_ns: 1911260446275000 ns
[    0.220000] futex hash table entries: 1024 (order: 5, 131072 bytes, linear)
[    0.220123] pinctrl core: initialized pinctrl subsystem
[    0.220163] bus: 'gpio': registered
[    0.220165] bus: 'gpio': add driver gpio_stub_drv
[    0.220184] bus: 'virtio': registered
[    0.220185] device class 'regulator': registering
[    0.220198] Registering platform device 'reg-dummy'. Parent at platform
[    0.220200] device: 'reg-dummy': device_add
[    0.220204] bus: 'platform': add device reg-dummy
[    0.220216] PM: Adding info for platform:reg-dummy
[    0.220224] bus: 'platform': add driver reg-dummy
[    0.220228] platform reg-dummy: probing driver reg-dummy asynchronously
[    0.220297] PM: RTC time: 08:51:17, date: 2024-08-16
[    0.221832] NET: Registered PF_NETLINK/PF_ROUTE protocol family
[    0.221832] DMA: preallocated 128 KiB GFP_KERNEL pool for atomic allocations
[    0.221832] DMA: preallocated 128 KiB GFP_KERNEL|GFP_DMA pool for atomic allocations
[    0.221832] DMA: preallocated 128 KiB GFP_KERNEL|GFP_DMA32 pool for atomic allocations
[    0.221832] audit: initializing netlink subsys (disabled)
[    0.221860] audit: type=2000 audit(1723798282.632:1): state=initialized audit_enabled=0 res=1
[    0.221887] device class 'bdi': registering
[    0.221902] bus: 'platform': __driver_probe_device: matched device reg-dummy with driver reg-dummy
[    0.221914] bus: 'platform': really_probe: probing driver reg-dummy with device reg-dummy
[    0.221926] reg-dummy reg-dummy: no default pinctrl state
[    0.221949] device: 'regulator.0': device_add
[    0.221980] PM: Adding info for No Bus:regulator.0
[    0.222008] driver: 'reg-dummy': driver_bound: bound to device 'reg-dummy'
[    0.222016] bus: 'platform': really_probe: bound device reg-dummy to driver reg-dummy
[    0.222022] reg-dummy reg-dummy: driver reg-dummy async attach completed: 0
[    0.222090] device class 'pci_bus': registering
[    0.222110] bus: 'pci': registered
[    0.222120] bus: 'pci_express': registered
[    0.222123] device class 'backlight': registering
[    0.222128] device class 'tty': registering
[    0.222132] device class 'vtconsole': registering
[    0.222139] device: 'vtcon0': device_add
[    0.222160] PM: Adding info for No Bus:vtcon0
[    0.222180] bus: 'serial': registered
[    0.222182] device class 'iommu': registering
[    0.222188] device class 'devlink': registering
[    0.222203] device class 'wakeup': registering
[    0.222223] bus: 'platform': add driver syscon
[    0.222244] bus: 'spi': registered
[    0.222246] device class 'spi_master': registering
[    0.222266] bus: 'i2c': registered
[    0.222270] bus: 'i2c': add driver dummy
[    0.222300] thermal_sys: Registered thermal governor 'fair_share'
[    0.222302] thermal_sys: Registered thermal governor 'bang_bang'
[    0.222303] thermal_sys: Registered thermal governor 'step_wise'
[    0.222304] thermal_sys: Registered thermal governor 'user_space'
[    0.222306] device class 'thermal': registering
[    0.222338] cpuidle: using governor menu
[    0.222454] acpiphp: ACPI Hot Plug PCI Controller Driver version: 0.5
[    0.222477] device class 'dma': registering
[    0.222505] bus: 'serial-base': registered
[    0.222509] bus: 'serial-base': add driver ctrl
[    0.222516] bus: 'serial-base': add driver port
[    0.222550] device class 'dmi': registering
[    0.222557] device: 'id': device_add
[    0.222598] PM: Adding info for No Bus:id
[    0.222856] PCI: Using configuration type 1 for base access
[    0.222931] device: 'cpu0': device_add
[    0.222940] bus: 'cpu': add device cpu0
[    0.222954] PM: Adding info for cpu:cpu0
[    0.222991] device: 'cpu1': device_add
[    0.222999] bus: 'cpu': add device cpu1
[    0.223009] PM: Adding info for cpu:cpu1
[    0.223031] device: 'cpu2': device_add
[    0.223040] bus: 'cpu': add device cpu2
[    0.223051] PM: Adding info for cpu:cpu2
[    0.223069] device: 'cpu3': device_add
[    0.223078] bus: 'cpu': add device cpu3
[    0.223089] PM: Adding info for cpu:cpu3
[    0.223478] kprobes: kprobe jump-optimization is enabled. All kprobes are optimized if possible.
[    0.254009] device: 'writeback': device_add
[    0.254022] bus: 'workqueue': add device writeback
[    0.254037] PM: Adding info for workqueue:writeback
[    0.255112] HugeTLB: registered 2.00 MiB page size, pre-allocated 0 pages
[    0.255114] HugeTLB: 28 KiB vmemmap can be freed for a 2.00 MiB page
[    0.255326] bus: 'memory_tiering': registered
[    0.255330] device: 'memory_tiering': device_add
[    0.255342] PM: Adding info for No Bus:memory_tiering
[    0.255351] device: 'memory_tier4': device_add
[    0.255358] bus: 'memory_tiering': add device memory_tier4
[    0.255369] PM: Adding info for memory_tiering:memory_tier4
[    0.257866] cryptd: max_cpu_qlen set to 1000
[    0.258921] device class 'block': registering
[    0.260083] device: 'blkcg_punt_bio': device_add
[    0.260091] bus: 'workqueue': add device blkcg_punt_bio
[    0.260106] PM: Adding info for workqueue:blkcg_punt_bio
[    0.260163] raid6: skipped pq benchmark and selected avx2x4
[    0.260165] raid6: using avx2x2 recovery algorithm
[    0.260196] bus: 'platform': add driver byt_gpio
[    0.260207] bus: 'platform': add driver cherryview-pinctrl
[    0.260237] device class 'pwm': registering
[    0.260247] device class 'graphics': registering
[    0.260260] device: 'fbcon': device_add
[    0.260281] PM: Adding info for No Bus:fbcon
[    0.260335] ACPI: Added _OSI(Module Device)
[    0.260337] ACPI: Added _OSI(Processor Device)
[    0.260338] ACPI: Added _OSI(3.0 _SCP Extensions)
[    0.260340] ACPI: Added _OSI(Processor Aggregator Device)
[    0.263832] ACPI: 2 ACPI AML tables successfully acquired and loaded
[    0.273362] ACPI: _OSC evaluation for CPUs failed, trying _PDC
[    0.273642] ACPI: Interpreter enabled
[    0.273670] ACPI: PM: (supports S0 S5)
[    0.273675] ACPI: Using IOAPIC for interrupt routing
[    0.274150] bus: 'acpi': registered
[    0.274407] PCI: Using host bridge windows from ACPI; if necessary, use "pci=nocrs" and report a bug
[    0.274409] PCI: Using E820 reservations for host bridge windows
[    0.274564] bus: 'platform': add driver clk-lpss-atom
[    0.274627] ACPI: Enabled 2 GPEs in block 00 to 07
[    0.274662] device: 'LNXSYSTM:00': device_add
[    0.274671] bus: 'acpi': add device LNXSYSTM:00
[    0.274683] PM: Adding info for acpi:LNXSYSTM:00
[    0.274748] device: 'LNXCPU:00': device_add
[    0.274754] bus: 'acpi': add device LNXCPU:00
[    0.274767] PM: Adding info for acpi:LNXCPU:00
[    0.274854] device: 'LNXCPU:01': device_add
[    0.274866] bus: 'acpi': add device LNXCPU:01
[    0.274880] PM: Adding info for acpi:LNXCPU:01
[    0.274921] device: 'LNXCPU:02': device_add
[    0.274928] bus: 'acpi': add device LNXCPU:02
[    0.274938] PM: Adding info for acpi:LNXCPU:02
[    0.274964] device: 'LNXCPU:03': device_add
[    0.274969] bus: 'acpi': add device LNXCPU:03
[    0.274981] PM: Adding info for acpi:LNXCPU:03
[    0.275032] device: 'LNXSYBUS:00': device_add
[    0.275037] bus: 'acpi': add device LNXSYBUS:00
[    0.275049] PM: Adding info for acpi:LNXSYBUS:00
[    0.275263] device: 'PNP0A03:00': device_add
[    0.275270] bus: 'acpi': add device PNP0A03:00
[    0.275284] PM: Adding info for acpi:PNP0A03:00
[    0.275389] device: 'device:00': device_add
[    0.275396] bus: 'acpi': add device device:00
[    0.275407] PM: Adding info for acpi:device:00
[    0.275476] device: 'PNP0303:00': device_add
[    0.275481] bus: 'acpi': add device PNP0303:00
[    0.275493] PM: Adding info for acpi:PNP0303:00
[    0.275551] device: 'PNP0200:00': device_add
[    0.275556] bus: 'acpi': add device PNP0200:00
[    0.275566] PM: Adding info for acpi:PNP0200:00
[    0.275848] device: 'PNP0700:00': device_add
[    0.275854] bus: 'acpi': add device PNP0700:00
[    0.275867] PM: Adding info for acpi:PNP0700:00
[    0.275950] device: 'PNP0F03:00': device_add
[    0.275956] bus: 'acpi': add device PNP0F03:00
[    0.275966] PM: Adding info for acpi:PNP0F03:00
[    0.276029] device: 'PNP0100:00': device_add
[    0.276034] bus: 'acpi': add device PNP0100:00
[    0.276045] PM: Adding info for acpi:PNP0100:00
[    0.276108] device: 'PNP0000:00': device_add
[    0.276112] bus: 'acpi': add device PNP0000:00
[    0.276124] PM: Adding info for acpi:PNP0000:00
[    0.276228] device: 'PNP0B00:00': device_add
[    0.276235] bus: 'acpi': add device PNP0B00:00
[    0.276245] PM: Adding info for acpi:PNP0B00:00
[    0.276349] device: 'PNP0103:00': device_add
[    0.276356] bus: 'acpi': add device PNP0103:00
[    0.276368] PM: Adding info for acpi:PNP0103:00
[    0.276507] device: 'device:01': device_add
[    0.276514] bus: 'acpi': add device device:01
[    0.276524] PM: Adding info for acpi:device:01
[    0.276622] device: 'APP0001:00': device_add
[    0.276629] bus: 'acpi': add device APP0001:00
[    0.276641] PM: Adding info for acpi:APP0001:00
[    0.276832] device: 'PNP0C02:00': device_add
[    0.276832] bus: 'acpi': add device PNP0C02:00
[    0.276832] PM: Adding info for acpi:PNP0C02:00
[    0.276949] device: 'PNP0400:00': device_add
[    0.276956] bus: 'acpi': add device PNP0400:00
[    0.276967] PM: Adding info for acpi:PNP0400:00
[    0.277243] device: 'PNP0400:01': device_add
[    0.277250] bus: 'acpi': add device PNP0400:01
[    0.277263] PM: Adding info for acpi:PNP0400:01
[    0.277473] device: 'PNP0501:00': device_add
[    0.277480] bus: 'acpi': add device PNP0501:00
[    0.277491] PM: Adding info for acpi:PNP0501:00
[    0.277739] device: 'PNP0501:01': device_add
[    0.277748] bus: 'acpi': add device PNP0501:01
[    0.277759] PM: Adding info for acpi:PNP0501:01
[    0.277949] device: 'PNP0501:02': device_add
[    0.277956] bus: 'acpi': add device PNP0501:02
[    0.277966] PM: Adding info for acpi:PNP0501:02
[    0.278188] device: 'PNP0501:03': device_add
[    0.278195] bus: 'acpi': add device PNP0501:03
[    0.278206] PM: Adding info for acpi:PNP0501:03
[    0.278339] device: 'device:02': device_add
[    0.278346] bus: 'acpi': add device device:02
[    0.278360] PM: Adding info for acpi:device:02
[    0.278410] device: 'device:03': device_add
[    0.278414] bus: 'acpi': add device device:03
[    0.278425] PM: Adding info for acpi:device:03
[    0.278853] device: 'PNP8390:00': device_add
[    0.278870] bus: 'acpi': add device PNP8390:00
[    0.278882] PM: Adding info for acpi:PNP8390:00
[    0.280880] device: 'LNXVIDEO:00': device_add
[    0.280887] bus: 'acpi': add device LNXVIDEO:00
[    0.280898] PM: Adding info for acpi:LNXVIDEO:00
[    0.280968] device: 'device:04': device_add
[    0.280973] bus: 'acpi': add device device:04
[    0.280987] PM: Adding info for acpi:device:04
[    0.281835] device: 'device:05': device_add
[    0.281842] bus: 'acpi': add device device:05
[    0.281855] PM: Adding info for acpi:device:05
[    0.281956] device: 'PNP0C0A:00': device_add
[    0.281962] bus: 'acpi': add device PNP0C0A:00
[    0.281973] PM: Adding info for acpi:PNP0C0A:00
[    0.282065] device: 'ACPI0003:00': device_add
[    0.282070] bus: 'acpi': add device ACPI0003:00
[    0.282082] PM: Adding info for acpi:ACPI0003:00
[    0.283298] device: 'PNP0C0F:00': device_add
[    0.283306] bus: 'acpi': add device PNP0C0F:00
[    0.283317] PM: Adding info for acpi:PNP0C0F:00
[    0.283473] device: 'PNP0C0F:01': device_add
[    0.283482] bus: 'acpi': add device PNP0C0F:01
[    0.283493] PM: Adding info for acpi:PNP0C0F:01
[    0.283696] device: 'PNP0C0F:02': device_add
[    0.283703] bus: 'acpi': add device PNP0C0F:02
[    0.283715] PM: Adding info for acpi:PNP0C0F:02
[    0.283887] device: 'PNP0C0F:03': device_add
[    0.283894] bus: 'acpi': add device PNP0C0F:03
[    0.283905] PM: Adding info for acpi:PNP0C0F:03
[    0.283962] device: 'LNXSYBUS:01': device_add
[    0.283967] bus: 'acpi': add device LNXSYBUS:01
[    0.283979] PM: Adding info for acpi:LNXSYBUS:01
[    0.284244] ACPI: PCI Root Bridge [PCI0] (domain 0000 [bus 00-ff])
[    0.284251] acpi PNP0A03:00: _OSC: OS supports [ASPM ClockPM Segments MSI EDR HPX-Type3]
[    0.284254] acpi PNP0A03:00: _OSC: not requesting OS control; OS requires [ExtendedConfig ASPM ClockPM MSI]
[    0.284832] acpi PNP0A03:00: fail to add MMCONFIG information, can't access extended configuration space under this bridge
[    0.284898] device: 'pci0000:00': device_add
[    0.284938] PM: Adding info for No Bus:pci0000:00
[    0.285005] device: '0000:00': device_add
[    0.285034] PM: Adding info for No Bus:0000:00
[    0.285872] PCI host bridge to bus 0000:00
[    0.285875] pci_bus 0000:00: root bus resource [io  0x0000-0x0cf7 window]
[    0.285878] pci_bus 0000:00: root bus resource [io  0x0d00-0xffff window]
[    0.285880] pci_bus 0000:00: root bus resource [mem 0x000a0000-0x000bffff window]
[    0.285882] pci_bus 0000:00: root bus resource [mem 0x2dd00000-0xfdffffff window]
[    0.285885] pci_bus 0000:00: root bus resource [bus 00-ff]
[    0.286182] pci 0000:00:00.0: [8086:1237] type 00 class 0x060000
[    0.286636] device: '0000:00:00.0': device_add
[    0.286670] device: 'wakeup0': device_add
[    0.286719] bus: 'pci': add device 0000:00:00.0
[    0.286773] PM: Adding info for pci:0000:00:00.0
[    0.286872] pci 0000:00:01.0: [8086:7000] type 00 class 0x060100
[    0.287500] device: '0000:00:01.0': device_add
[    0.287537] device: 'wakeup1': device_add
[    0.287586] bus: 'pci': add device 0000:00:01.0
[    0.287636] PM: Adding info for pci:0000:00:01.0
[    0.287726] pci 0000:00:01.1: [8086:7111] type 00 class 0x01018a
[    0.288152] pci 0000:00:01.1: reg 0x20: [io  0xc180-0xc18f]
[    0.288317] pci 0000:00:01.1: legacy IDE quirk: reg 0x10: [io  0x01f0-0x01f7]
[    0.288319] pci 0000:00:01.1: legacy IDE quirk: reg 0x14: [io  0x03f6]
[    0.288320] pci 0000:00:01.1: legacy IDE quirk: reg 0x18: [io  0x0170-0x0177]
[    0.288322] pci 0000:00:01.1: legacy IDE quirk: reg 0x1c: [io  0x0376]
[    0.288411] device: '0000:00:01.1': device_add
[    0.288423] bus: 'pci': add device 0000:00:01.1
[    0.288460] PM: Adding info for pci:0000:00:01.1
[    0.288566] pci 0000:00:02.0: [15ad:0405] type 00 class 0x030000
[    0.289956] pci 0000:00:02.0: reg 0x10: [io  0xc170-0xc17f]
[    0.290777] pci 0000:00:02.0: reg 0x14: [mem 0x80000000-0x80ffffff pref]
[    0.291125] pci 0000:00:02.0: reg 0x18: [mem 0x81400000-0x815fffff]
[    0.293949] pci 0000:00:02.0: BAR 1: assigned to efifb
[    0.294018] pci 0000:00:02.0: Video device with shadowed ROM at [mem 0x000c0000-0x000dffff]
[    0.294148] device: '0000:00:02.0': device_add
[    0.294202] device: 'wakeup2': device_add
[    0.294301] bus: 'pci': add device 0000:00:02.0
[    0.294388] PM: Adding info for pci:0000:00:02.0
[    0.294558] pci 0000:00:03.0: [8086:100e] type 00 class 0x020000
[    0.294981] pci 0000:00:03.0: reg 0x10: [mem 0x81620000-0x8163ffff]
[    0.295936] pci 0000:00:03.0: reg 0x18: [io  0xc1a8-0xc1af]
[    0.298345] device: '0000:00:03.0': device_add
[    0.298401] bus: 'pci': add device 0000:00:03.0
[    0.298467] PM: Adding info for pci:0000:00:03.0
[    0.298573] pci 0000:00:04.0: [80ee:cafe] type 00 class 0x088000
[    0.298944] pci 0000:00:04.0: reg 0x10: [io  0xc140-0xc15f]
[    0.299367] pci 0000:00:04.0: reg 0x14: [mem 0x81000000-0x813fffff]
[    0.299880] pci 0000:00:04.0: reg 0x18: [mem 0x81650000-0x81653fff pref]
[    0.302143] device: '0000:00:04.0': device_add
[    0.302204] bus: 'pci': add device 0000:00:04.0
[    0.302268] PM: Adding info for pci:0000:00:04.0
[    0.302361] pci 0000:00:05.0: [8086:2415] type 00 class 0x040100
[    0.302941] pci 0000:00:05.0: reg 0x10: [io  0xc000-0xc0ff]
[    0.303021] pci 0000:00:05.0: reg 0x14: [io  0xc100-0xc13f]
[    0.303468] device: '0000:00:05.0': device_add
[    0.303480] bus: 'pci': add device 0000:00:05.0
[    0.303517] PM: Adding info for pci:0000:00:05.0
[    0.303597] pci 0000:00:07.0: [8086:7113] type 00 class 0x068000
[    0.304174] pci 0000:00:07.0: quirk: [io  0x4000-0x403f] claimed by PIIX4 ACPI
[    0.304187] pci 0000:00:07.0: quirk: [io  0x4100-0x410f] claimed by PIIX4 SMB
[    0.304334] device: '0000:00:07.0': device_add
[    0.304346] bus: 'pci': add device 0000:00:07.0
[    0.304384] PM: Adding info for pci:0000:00:07.0
[    0.304534] pci 0000:00:08.0: [8086:100e] type 00 class 0x020000
[    0.304961] pci 0000:00:08.0: reg 0x10: [mem 0x81600000-0x8161ffff]
[    0.305937] pci 0000:00:08.0: reg 0x18: [io  0xc1a0-0xc1a7]
[    0.308065] device: '0000:00:08.0': device_add
[    0.308129] bus: 'pci': add device 0000:00:08.0
[    0.308196] PM: Adding info for pci:0000:00:08.0
[    0.308315] pci 0000:00:0c.0: [8086:1e31] type 00 class 0x0c0330
[    0.308832] pci 0000:00:0c.0: reg 0x10: [mem 0x81640000-0x8164ffff]
[    0.312215] device: '0000:00:0c.0': device_add
[    0.312276] bus: 'pci': add device 0000:00:0c.0
[    0.312344] PM: Adding info for pci:0000:00:0c.0
[    0.312515] pci 0000:00:0d.0: [8086:2829] type 00 class 0x010601
[    0.312939] pci 0000:00:0d.0: reg 0x10: [io  0xc198-0xc19f]
[    0.313936] pci 0000:00:0d.0: reg 0x14: [io  0xc1b4-0xc1b7]
[    0.314388] pci 0000:00:0d.0: reg 0x18: [io  0xc190-0xc197]
[    0.314832] pci 0000:00:0d.0: reg 0x1c: [io  0xc1b0-0xc1b3]
[    0.314950] pci 0000:00:0d.0: reg 0x20: [io  0xc160-0xc16f]
[    0.315365] pci 0000:00:0d.0: reg 0x24: [mem 0x81654000-0x81655fff]
[    0.316857] device: '0000:00:0d.0': device_add
[    0.316924] bus: 'pci': add device 0000:00:0d.0
[    0.316976] PM: Adding info for pci:0000:00:0d.0
[    0.317069] device: 'wakeup3': device_add
[    0.317920] Registering platform device 'PNP0C0A:00'. Parent at pci0000:00
[    0.317927] device: 'PNP0C0A:00': device_add
[    0.317943] bus: 'platform': add device PNP0C0A:00
[    0.317957] PM: Adding info for platform:PNP0C0A:00
[    0.318000] Registering platform device 'ACPI0003:00'. Parent at pci0000:00
[    0.318002] device: 'ACPI0003:00': device_add
[    0.318019] bus: 'platform': add device ACPI0003:00
[    0.318031] PM: Adding info for platform:ACPI0003:00
[    0.318832] ACPI: PCI: Interrupt link LNKA configured for IRQ 10
[    0.319317] ACPI: PCI: Interrupt link LNKB configured for IRQ 10
[    0.319469] ACPI: PCI: Interrupt link LNKC configured for IRQ 11
[    0.319642] ACPI: PCI: Interrupt link LNKD configured for IRQ 11
[    0.319721] device: 'LNXPWRBN:00': device_add
[    0.319729] bus: 'acpi': add device LNXPWRBN:00
[    0.319743] PM: Adding info for acpi:LNXPWRBN:00
[    0.319771] device: 'wakeup4': device_add
[    0.319802] device: 'LNXSLPBN:00': device_add
[    0.319807] bus: 'acpi': add device LNXSLPBN:00
[    0.319819] PM: Adding info for acpi:LNXSLPBN:00
[    0.319832] bus: 'acpi': add driver ec
[    0.319832] bus: 'pnp': registered
[    0.319832] bus: 'xen-backend': registered
[    0.319832] bus: 'xen': registered
[    0.319832] device class 'misc': registering
[    0.319832] device class 'tpm': registering
[    0.319832] device class 'tpmrm': registering
[    0.319860] iommu: Default domain type: Translated
[    0.319862] iommu: DMA domain TLB invalidation policy: lazy mode
[    0.319998] bus: 'dax': registered
[    0.320098] device class 'dma_heap': registering
[    0.320166] device class 'scsi_host': registering
[    0.320190] bus: 'scsi': registered
[    0.320192] device class 'scsi_device': registering
[    0.320196] SCSI subsystem initialized
[    0.320247] device class 'ata_link': registering
[    0.320247] device class 'ata_port': registering
[    0.320247] device class 'ata_device': registering
[    0.320247] libata version 3.00 loaded.
[    0.320247] device class 'mdio_bus': registering
[    0.320247] bus: 'mdio_bus': registered
[    0.320247] bus: 'mdio_bus': add driver Generic Clause 45 PHY
[    0.320247] bus: 'mdio_bus': add driver Generic PHY
[    0.320247] device class 'pcmcia_socket': registering
[    0.320247] ACPI: bus type USB registered
[    0.320247] bus: 'usb': registered
[    0.320247] device class 'usbmisc': registering
[    0.320247] bus: 'usb': add driver usbfs
[    0.320247] usbcore: registered new interface driver usbfs
[    0.320247] bus: 'usb': add driver hub
[    0.320247] usbcore: registered new interface driver hub
[    0.320247] bus: 'usb': add driver usb
[    0.320247] usbcore: registered new device driver usb
[    0.320247] device class 'usb_role': registering
[    0.320247] bus: 'serio': registered
[    0.320247] device class 'input': registering
[    0.320247] device class 'rtc': registering
[    0.320247] bus: 'platform': add driver i2c_designware
[    0.320247] device class 'rc': registering
[    0.320247] device class 'lirc': registering
[    0.320247] device class 'pps': registering
[    0.320247] pps_core: LinuxPPS API ver. 1 registered
[    0.320247] pps_core: Software ver. 5.3.6 - Copyright 2005-2007 Rodolfo Giometti <giometti@linux.it>
[    0.320247] device class 'ptp': registering
[    0.320247] PTP clock support registered
[    0.320247] device class 'power_supply': registering
[    0.320247] device class 'hwmon': registering
[    0.320851] EDAC MC: Ver: 3.0.0
[    0.320864] bus: 'edac': registered
[    0.320867] device: 'edac': device_add
[    0.320877] PM: Adding info for No Bus:edac
[    0.321136] device: 'mc': device_add
[    0.321143] bus: 'edac': add device mc
[    0.321154] PM: Adding info for edac:mc
[    0.321835] device class 'leds': registering
[    0.321868] Registering platform device 'rtc-efi.0'. Parent at platform
[    0.321870] device: 'rtc-efi.0': device_add
[    0.321876] bus: 'platform': add device rtc-efi.0
[    0.321886] PM: Adding info for platform:rtc-efi.0
[    0.321940] efivars: Registered efivars operations
[    0.321945] Registering platform device 'efivars.0'. Parent at platform
[    0.321946] device: 'efivars.0': device_add
[    0.321950] bus: 'platform': add device efivars.0
[    0.321960] PM: Adding info for platform:efivars.0
[    0.321974] device class 'intel_scu_ipc': registering
[    0.321987] device class 'remoteproc': registering
[    0.321996] device class 'devfreq': registering
[    0.322034] bus: 'nvmem': registered
[    0.322034] device class 'net': registering
[    0.322034] device: 'lo': device_add
[    0.322034] PM: Adding info for No Bus:lo
[    0.322120] NetLabel: Initializing
[    0.322121] NetLabel:  domain hash size = 128
[    0.322122] NetLabel:  protocols = UNLABELED CIPSOv4 CALIPSO
[    0.322145] NetLabel:  unlabeled traffic allowed by default
[    0.322149] mctp: management component transport protocol core
[    0.322151] NET: Registered PF_MCTP protocol family
[    0.322164] PCI: Using ACPI for IRQ routing
[    0.322166] PCI: pci_cache_line_size set to 64 bytes
[    0.322425] e820: reserve RAM buffer [mem 0x2b43e000-0x2bffffff]
[    0.322431] e820: reserve RAM buffer [mem 0x2bd9c000-0x2bffffff]
[    0.322433] e820: reserve RAM buffer [mem 0x2c8ef000-0x2fffffff]
[    0.322435] e820: reserve RAM buffer [mem 0x2d06b000-0x2fffffff]
[    0.322515] device: 'vga_arbiter': device_add
[    0.322533] PM: Adding info for No Bus:vga_arbiter
[    0.322866] pci 0000:00:02.0: vgaarb: setting as boot VGA device
[    0.322869] pci 0000:00:02.0: vgaarb: bridge control possible
[    0.322870] pci 0000:00:02.0: vgaarb: VGA device added: decodes=io+mem,owns=io+mem,locks=none
[    0.322875] vgaarb: loaded
[    0.322913] device class 'watchdog': registering
[    0.322913] Registering platform device 'simple-framebuffer.0'. Parent at platform
[    0.322913] device: 'simple-framebuffer.0': device_add
[    0.322913] bus: 'platform': add device simple-framebuffer.0
[    0.322913] PM: Adding info for platform:simple-framebuffer.0
[    0.323104] clocksource: Switched to clocksource kvm-clock
[    0.325621] VFS: Disk quotas dquot_6.6.0
[    0.325637] VFS: Dquot-cache hash table entries: 512 (order 0, 4096 bytes)
[    0.325742] bus: 'pnp': add driver system
[    0.325758] pnp: PnP ACPI init
[    0.325766] device: 'pnp0': device_add
[    0.325779] PM: Adding info for No Bus:pnp0
[    0.325838] device: '00:00': device_add
[    0.325853] bus: 'pnp': add device 00:00
[    0.325867] PM: Adding info for pnp:00:00
[    0.325962] device: '00:01': device_add
[    0.325976] bus: 'pnp': add device 00:01
[    0.326005] PM: Adding info for pnp:00:01
[    0.327161] pnp: PnP ACPI: found 2 devices
[    0.327166] device class 'mem': registering
[    0.327177] device: 'mem': device_add
[    0.327197] PM: Adding info for No Bus:mem
[    0.327321] device: 'null': device_add
[    0.327339] PM: Adding info for No Bus:null
[    0.327428] device: 'port': device_add
[    0.327440] PM: Adding info for No Bus:port
[    0.327527] device: 'zero': device_add
[    0.327540] PM: Adding info for No Bus:zero
[    0.327632] device: 'full': device_add
[    0.327643] PM: Adding info for No Bus:full
[    0.327735] device: 'random': device_add
[    0.327748] PM: Adding info for No Bus:random
[    0.327821] device: 'urandom': device_add
[    0.327837] PM: Adding info for No Bus:urandom
[    0.327922] device: 'kmsg': device_add
[    0.327942] PM: Adding info for No Bus:kmsg
[    0.328033] device: 'tty': device_add
[    0.328047] PM: Adding info for No Bus:tty
[    0.328143] device: 'console': device_add
[    0.328158] PM: Adding info for No Bus:console
[    0.328251] device: 'tty0': device_add
[    0.328263] PM: Adding info for No Bus:tty0
[    0.328355] device class 'vc': registering
[    0.328362] device: 'vcs': device_add
[    0.328376] PM: Adding info for No Bus:vcs
[    0.328471] device: 'vcsu': device_add
[    0.328483] PM: Adding info for No Bus:vcsu
[    0.328572] device: 'vcsa': device_add
[    0.328584] PM: Adding info for No Bus:vcsa
[    0.328671] device: 'vcs1': device_add
[    0.328683] PM: Adding info for No Bus:vcs1
[    0.328787] device: 'vcsu1': device_add
[    0.328803] PM: Adding info for No Bus:vcsu1
[    0.328872] device: 'vcsa1': device_add
[    0.328921] PM: Adding info for No Bus:vcsa1
[    0.329030] device: 'tty1': device_add
[    0.329043] PM: Adding info for No Bus:tty1
[    0.329099] device: 'tty2': device_add
[    0.329110] PM: Adding info for No Bus:tty2
[    0.329166] device: 'tty3': device_add
[    0.329177] PM: Adding info for No Bus:tty3
[    0.329230] device: 'tty4': device_add
[    0.329242] PM: Adding info for No Bus:tty4
[    0.329308] device: 'tty5': device_add
[    0.329322] PM: Adding info for No Bus:tty5
[    0.329376] device: 'tty6': device_add
[    0.329388] PM: Adding info for No Bus:tty6
[    0.329443] device: 'tty7': device_add
[    0.329454] PM: Adding info for No Bus:tty7
[    0.329509] device: 'tty8': device_add
[    0.329520] PM: Adding info for No Bus:tty8
[    0.329575] device: 'tty9': device_add
[    0.329586] PM: Adding info for No Bus:tty9
[    0.329641] device: 'tty10': device_add
[    0.329653] PM: Adding info for No Bus:tty10
[    0.329708] device: 'tty11': device_add
[    0.329720] PM: Adding info for No Bus:tty11
[    0.329776] device: 'tty12': device_add
[    0.329787] PM: Adding info for No Bus:tty12
[    0.329843] device: 'tty13': device_add
[    0.329867] PM: Adding info for No Bus:tty13
[    0.329944] device: 'tty14': device_add
[    0.329960] PM: Adding info for No Bus:tty14
[    0.330027] device: 'tty15': device_add
[    0.330040] PM: Adding info for No Bus:tty15
[    0.330094] device: 'tty16': device_add
[    0.330106] PM: Adding info for No Bus:tty16
[    0.330161] device: 'tty17': device_add
[    0.330173] PM: Adding info for No Bus:tty17
[    0.330226] device: 'tty18': device_add
[    0.330237] PM: Adding info for No Bus:tty18
[    0.330293] device: 'tty19': device_add
[    0.330304] PM: Adding info for No Bus:tty19
[    0.330358] device: 'tty20': device_add
[    0.330369] PM: Adding info for No Bus:tty20
[    0.330428] device: 'tty21': device_add
[    0.330440] PM: Adding info for No Bus:tty21
[    0.330493] device: 'tty22': device_add
[    0.330505] PM: Adding info for No Bus:tty22
[    0.330560] device: 'tty23': device_add
[    0.330572] PM: Adding info for No Bus:tty23
[    0.330626] device: 'tty24': device_add
[    0.330638] PM: Adding info for No Bus:tty24
[    0.330692] device: 'tty25': device_add
[    0.330704] PM: Adding info for No Bus:tty25
[    0.330782] device: 'tty26': device_add
[    0.330798] PM: Adding info for No Bus:tty26
[    0.330887] device: 'tty27': device_add
[    0.330900] PM: Adding info for No Bus:tty27
[    0.330961] device: 'tty28': device_add
[    0.330973] PM: Adding info for No Bus:tty28
[    0.331029] device: 'tty29': device_add
[    0.331041] PM: Adding info for No Bus:tty29
[    0.331095] device: 'tty30': device_add
[    0.331107] PM: Adding info for No Bus:tty30
[    0.331161] device: 'tty31': device_add
[    0.331173] PM: Adding info for No Bus:tty31
[    0.331226] device: 'tty32': device_add
[    0.331237] PM: Adding info for No Bus:tty32
[    0.331292] device: 'tty33': device_add
[    0.331304] PM: Adding info for No Bus:tty33
[    0.331357] device: 'tty34': device_add
[    0.331369] PM: Adding info for No Bus:tty34
[    0.331424] device: 'tty35': device_add
[    0.331436] PM: Adding info for No Bus:tty35
[    0.331491] device: 'tty36': device_add
[    0.331502] PM: Adding info for No Bus:tty36
[    0.331562] device: 'tty37': device_add
[    0.331574] PM: Adding info for No Bus:tty37
[    0.331628] device: 'tty38': device_add
[    0.331639] PM: Adding info for No Bus:tty38
[    0.331694] device: 'tty39': device_add
[    0.331706] PM: Adding info for No Bus:tty39
[    0.331777] device: 'tty40': device_add
[    0.331792] PM: Adding info for No Bus:tty40
[    0.331865] device: 'tty41': device_add
[    0.331881] PM: Adding info for No Bus:tty41
[    0.331942] device: 'tty42': device_add
[    0.331954] PM: Adding info for No Bus:tty42
[    0.332010] device: 'tty43': device_add
[    0.332022] PM: Adding info for No Bus:tty43
[    0.332077] device: 'tty44': device_add
[    0.332089] PM: Adding info for No Bus:tty44
[    0.332147] device: 'tty45': device_add
[    0.332158] PM: Adding info for No Bus:tty45
[    0.332212] device: 'tty46': device_add
[    0.332223] PM: Adding info for No Bus:tty46
[    0.332283] device: 'tty47': device_add
[    0.332295] PM: Adding info for No Bus:tty47
[    0.332349] device: 'tty48': device_add
[    0.332360] PM: Adding info for No Bus:tty48
[    0.332415] device: 'tty49': device_add
[    0.332427] PM: Adding info for No Bus:tty49
[    0.332481] device: 'tty50': device_add
[    0.332492] PM: Adding info for No Bus:tty50
[    0.332547] device: 'tty51': device_add
[    0.332559] PM: Adding info for No Bus:tty51
[    0.332612] device: 'tty52': device_add
[    0.332623] PM: Adding info for No Bus:tty52
[    0.332680] device: 'tty53': device_add
[    0.332691] PM: Adding info for No Bus:tty53
[    0.332748] device: 'tty54': device_add
[    0.332760] PM: Adding info for No Bus:tty54
[    0.332844] device: 'tty55': device_add
[    0.332857] PM: Adding info for No Bus:tty55
[    0.332921] device: 'tty56': device_add
[    0.332933] PM: Adding info for No Bus:tty56
[    0.332990] device: 'tty57': device_add
[    0.333001] PM: Adding info for No Bus:tty57
[    0.333069] device: 'tty58': device_add
[    0.333081] PM: Adding info for No Bus:tty58
[    0.333138] device: 'tty59': device_add
[    0.333149] PM: Adding info for No Bus:tty59
[    0.333203] device: 'tty60': device_add
[    0.333214] PM: Adding info for No Bus:tty60
[    0.333270] device: 'tty61': device_add
[    0.333282] PM: Adding info for No Bus:tty61
[    0.333339] device: 'tty62': device_add
[    0.333350] PM: Adding info for No Bus:tty62
[    0.333405] device: 'tty63': device_add
[    0.333416] PM: Adding info for No Bus:tty63
[    0.333517] device: 'hw_random': device_add
[    0.333536] PM: Adding info for No Bus:hw_random
[    0.333593] device class 'firmware': registering
[    0.333614] bus: 'pcmcia': registered
[    0.338269] clocksource: acpi_pm: mask: 0xffffff max_cycles: 0xffffff, max_idle_ns: 2085701024 ns
[    0.338302] device class 'powercap': registering
[    0.338368] NET: Registered PF_INET protocol family
[    0.338440] IP idents hash table entries: 16384 (order: 5, 131072 bytes, linear)
[    0.338898] tcp_listen_portaddr_hash hash table entries: 512 (order: 3, 36864 bytes, linear)
[    0.338936] Table-perturb hash table entries: 65536 (order: 6, 262144 bytes, linear)
[    0.338952] TCP established hash table entries: 8192 (order: 4, 65536 bytes, linear)
[    0.339005] TCP bind hash table entries: 8192 (order: 8, 1179648 bytes, linear)
[    0.339413] TCP: Hash tables configured (established 8192 bind 8192)
[    0.339556] MPTCP token hash table entries: 1024 (order: 4, 90112 bytes, linear)
[    0.339597] UDP hash table entries: 512 (order: 4, 81920 bytes, linear)
[    0.339631] UDP-Lite hash table entries: 512 (order: 4, 81920 bytes, linear)
[    0.339909] NET: Registered PF_UNIX/PF_LOCAL protocol family
[    0.339934] NET: Registered PF_XDP protocol family
[    0.339948] pci_bus 0000:00: resource 4 [io  0x0000-0x0cf7 window]
[    0.339952] pci_bus 0000:00: resource 5 [io  0x0d00-0xffff window]
[    0.339954] pci_bus 0000:00: resource 6 [mem 0x000a0000-0x000bffff window]
[    0.339956] pci_bus 0000:00: resource 7 [mem 0x2dd00000-0xfdffffff window]
[    0.340022] pci 0000:00:00.0: Limiting direct PCI/PCI transfers
[    0.342223] PCI: CLS 0 bytes, default 64
[    0.342324] Registering platform device 'rtc_cmos'. Parent at platform
[    0.342327] device: 'rtc_cmos': device_add
[    0.342334] bus: 'platform': add device rtc_cmos
[    0.342347] PM: Adding info for platform:rtc_cmos
[    0.342360] platform rtc_cmos: registered platform RTC device (no PNP device found)
[    0.342368] device class 'msr': registering
[    0.342383] device: 'msr0': device_add
[    0.342403] PM: Adding info for No Bus:msr0
[    0.342499] Unpacking initramfs...
[    0.342714] device: 'msr1': device_add
[    0.342747] PM: Adding info for No Bus:msr1
[    0.343069] device: 'msr2': device_add
[    0.343090] PM: Adding info for No Bus:msr2
[    0.343311] device: 'msr3': device_add
[    0.343341] PM: Adding info for No Bus:msr3
[    0.343579] device class 'cpuid': registering
[    0.343595] device: 'cpu0': device_add
[    0.343617] PM: Adding info for No Bus:cpu0
[    0.343837] device: 'cpu1': device_add
[    0.343858] PM: Adding info for No Bus:cpu1
[    0.344080] device: 'cpu2': device_add
[    0.344099] PM: Adding info for No Bus:cpu2
[    0.344256] device: 'cpu3': device_add
[    0.344277] PM: Adding info for No Bus:cpu3
[    0.344668] Registering platform device 'pcspkr'. Parent at platform
[    0.344671] device: 'pcspkr': device_add
[    0.344678] bus: 'platform': add device pcspkr
[    0.344692] PM: Adding info for platform:pcspkr
[    0.345364] bus: 'pci': add driver iosf_mbi_pci
[    0.345446] Beginning ww mutex selftests
[    1.052627] Freeing initrd memory: 41888K
[    3.299593] stress (stress_inorder_work) failed with -35
[    7.627029] All ww mutex selftests passed
[    7.627059] device: 'snapshot': device_add
[    7.627093] PM: Adding info for No Bus:snapshot
[    7.627372] bus: 'clocksource': registered
[    7.627376] device: 'clocksource': device_add
[    7.627388] PM: Adding info for No Bus:clocksource
[    7.627392] device: 'clocksource0': device_add
[    7.627398] bus: 'clocksource': add device clocksource0
[    7.627407] PM: Adding info for clocksource:clocksource0
[    7.627448] bus: 'platform': add driver alarmtimer
[    7.627485] bus: 'clockevents': registered
[    7.627488] device: 'clockevents': device_add
[    7.627496] PM: Adding info for No Bus:clockevents
[    7.627499] device: 'clockevent0': device_add
[    7.627502] bus: 'clockevents': add device clockevent0
[    7.627510] PM: Adding info for clockevents:clockevent0
[    7.627522] device: 'clockevent1': device_add
[    7.627526] bus: 'clockevents': add device clockevent1
[    7.627535] PM: Adding info for clockevents:clockevent1
[    7.627541] device: 'clockevent2': device_add
[    7.627544] bus: 'clockevents': add device clockevent2
[    7.627552] PM: Adding info for clockevents:clockevent2
[    7.627557] device: 'clockevent3': device_add
[    7.627561] bus: 'clockevents': add device clockevent3
[    7.627569] PM: Adding info for clockevents:clockevent3
[    7.627575] device: 'broadcast': device_add
[    7.627578] bus: 'clockevents': add device broadcast
[    7.627586] PM: Adding info for clockevents:broadcast
[    7.627716] bus: 'event_source': registered
[    7.627720] device: 'msr': device_add
[    7.627731] bus: 'event_source': add device msr
[    7.627746] PM: Adding info for event_source:msr
[    7.627766] device: 'breakpoint': device_add
[    7.627771] bus: 'event_source': add device breakpoint
[    7.627785] PM: Adding info for event_source:breakpoint
[    7.627791] device: 'uprobe': device_add
[    7.627801] bus: 'event_source': add device uprobe
[    7.627813] PM: Adding info for event_source:uprobe
[    7.627819] device: 'kprobe': device_add
[    7.627826] bus: 'event_source': add device kprobe
[    7.627840] PM: Adding info for event_source:kprobe
[    7.627845] device: 'tracepoint': device_add
[    7.627849] bus: 'event_source': add device tracepoint
[    7.627864] PM: Adding info for event_source:tracepoint
[    7.627872] device: 'software': device_add
[    7.627876] bus: 'event_source': add device software
[    7.627888] PM: Adding info for event_source:software
[    7.627894] Initialise system trusted keyrings
[    7.627938] Key type blacklist registered
[    7.628087] workingset: timestamp_bits=36 max_order=18 bucket_order=0
[    7.628112] zbud: loaded
[    7.628265] device: 'userfaultfd': device_add
[    7.628284] PM: Adding info for No Bus:userfaultfd
[    7.628808] device: 'autofs': device_add
[    7.628827] PM: Adding info for No Bus:autofs
[    7.629970] integrity: Platform Keyring initialized
[    7.629978] integrity: Machine keyring initialized
[    7.630410] cryptomgr_test (85) used greatest stack depth: 14768 bytes left
[    7.643096] NET: Registered PF_ALG protocol family
[    7.643120] xor: automatically using best checksumming function   avx       
[    7.643123] Key type asymmetric registered
[    7.643131] Asymmetric key parser 'x509' registered
[    7.646201] modprobe (86) used greatest stack depth: 13128 bytes left
[    7.651797] device class 'bsg': registering
[    7.651815] Block layer SCSI generic (bsg) driver version 0.4 loaded (major 245)
[    7.652077] io scheduler mq-deadline registered
[    7.652083] io scheduler kyber registered
[    7.652112] io scheduler bfq registered
[    7.655256] atomic64_test: passed for x86-64 platform with CX8 and with SSE
[    7.655675] device class 'phy': registering
[    7.655706] bus: 'platform': add driver amd_gpio
[    7.655725] bus: 'platform': add driver crystal_cove_gpio
[    7.655733] bus: 'platform': add driver crystal_cove_pwm
[    7.655743] bus: 'pci_express': add driver aer
[    7.655752] bus: 'pci_express': add driver pcie_pme
[    7.655763] bus: 'pci_express': add driver dpc
[    7.655769] bus: 'pci_express': add driver pciehp
[    7.655778] bus: 'pci': add driver pcieport
[    7.655811] bus: 'pci': add driver shpchp
[    7.655820] shpchp: Standard Hot Plug PCI Controller Driver version: 0.4
[    7.655822] bus: 'pci': add driver pci-stub
[    7.655835] bus: 'platform': add driver vesa-framebuffer
[    7.655844] bus: 'platform': add driver efi-framebuffer
[    7.655852] bus: 'platform': add driver acpi-ged
[    7.655909] bus: 'platform': add driver ac
[    7.655913] bus: 'platform': __driver_probe_device: matched device ACPI0003:00 with driver ac
[    7.655917] bus: 'platform': really_probe: probing driver ac with device ACPI0003:00
[    7.655927] ac ACPI0003:00: no default pinctrl state
[    7.656001] device: 'wakeup5': device_add
[    7.656129] device: 'AC': device_add
[    7.656159] PM: Adding info for No Bus:AC
[    7.656183] device: 'AC': dev_uevent: class uevent() returned -11
[    7.656208] device: 'AC': dev_uevent: class uevent() returned -11
[    7.656214] device: 'wakeup6': device_add
[    7.656249] device: 'hwmon0': device_add
[    7.656266] PM: Adding info for No Bus:hwmon0
[    7.656277] ACPI: AC: AC Adapter [AC] (on-line)
[    7.656291] driver: 'ac': driver_bound: bound to device 'ACPI0003:00'
[    7.656304] bus: 'platform': really_probe: bound device ACPI0003:00 to driver ac
[    7.656318] bus: 'acpi': add driver button
[    7.656334] bus: 'acpi': __driver_probe_device: matched device LNXPWRBN:00 with driver button
[    7.656337] bus: 'acpi': really_probe: probing driver button with device LNXPWRBN:00
[    7.656341] button LNXPWRBN:00: no default pinctrl state
[    7.656350] device: 'input0': device_add
[    7.656394] PM: Adding info for No Bus:input0
[    7.656410] input: Power Button as /devices/LNXSYSTM:00/LNXPWRBN:00/input/input0
[    7.656464] device: 'wakeup7': device_add
[    7.656702] device: 'wakeup7': device_unregister
[    7.656805] ACPI: button: Power Button [PWRF]
[    7.656807] driver: 'button': driver_bound: bound to device 'LNXPWRBN:00'
[    7.656814] bus: 'acpi': really_probe: bound device LNXPWRBN:00 to driver button
[    7.656818] bus: 'acpi': __driver_probe_device: matched device LNXSLPBN:00 with driver button
[    7.656821] bus: 'acpi': really_probe: probing driver button with device LNXSLPBN:00
[    7.656825] button LNXSLPBN:00: no default pinctrl state
[    7.656835] device: 'input1': device_add
[    7.656878] PM: Adding info for No Bus:input1
[    7.656887] input: Sleep Button as /devices/LNXSYSTM:00/LNXSLPBN:00/input/input1
[    7.656960] device: 'wakeup7': device_add
[    7.656985] ACPI: button: Sleep Button [SLPF]
[    7.656987] driver: 'button': driver_bound: bound to device 'LNXSLPBN:00'
[    7.656991] bus: 'acpi': really_probe: bound device LNXSLPBN:00 to driver button
[    7.657003] bus: 'platform': add driver acpi-fan
[    7.657022] bus: 'cpu': add driver processor
[    7.657028] bus: 'cpu': __driver_probe_device: matched device cpu0 with driver processor
[    7.657031] bus: 'cpu': really_probe: probing driver processor with device cpu0
[    7.657034] processor cpu0: no default pinctrl state
[    7.657061] device: 'cooling_device0': device_add
[    7.657086] PM: Adding info for No Bus:cooling_device0
[    7.657101] driver: 'processor': driver_bound: bound to device 'cpu0'
[    7.657115] bus: 'cpu': really_probe: bound device cpu0 to driver processor
[    7.657118] bus: 'cpu': __driver_probe_device: matched device cpu1 with driver processor
[    7.657120] bus: 'cpu': really_probe: probing driver processor with device cpu1
[    7.657123] processor cpu1: no default pinctrl state
[    7.657135] device: 'cooling_device1': device_add
[    7.657157] PM: Adding info for No Bus:cooling_device1
[    7.657164] driver: 'processor': driver_bound: bound to device 'cpu1'
[    7.657177] bus: 'cpu': really_probe: bound device cpu1 to driver processor
[    7.657179] bus: 'cpu': __driver_probe_device: matched device cpu2 with driver processor
[    7.657181] bus: 'cpu': really_probe: probing driver processor with device cpu2
[    7.657184] processor cpu2: no default pinctrl state
[    7.657195] device: 'cooling_device2': device_add
[    7.657217] PM: Adding info for No Bus:cooling_device2
[    7.657224] driver: 'processor': driver_bound: bound to device 'cpu2'
[    7.657236] bus: 'cpu': really_probe: bound device cpu2 to driver processor
[    7.657238] bus: 'cpu': __driver_probe_device: matched device cpu3 with driver processor
[    7.657240] bus: 'cpu': really_probe: probing driver processor with device cpu3
[    7.657243] processor cpu3: no default pinctrl state
[    7.657253] device: 'cooling_device3': device_add
[    7.657276] PM: Adding info for No Bus:cooling_device3
[    7.657283] driver: 'processor': driver_bound: bound to device 'cpu3'
[    7.657295] bus: 'cpu': really_probe: bound device cpu3 to driver processor
[    7.657460] bus: 'acpi': add driver thermal
[    7.657489] bus: 'acpi': add driver hardware_error_device
[    7.657519] bus: 'platform': add driver byt_crystal_cove_pmic
[    7.657528] bus: 'platform': add driver cht_crystal_cove_pmic
[    7.657535] bus: 'platform': add driver axp288_pmic_acpi
[    7.657543] bus: 'platform': add driver cht_whiskey_cove_pmic
[    7.657542] bus: 'acpi': add driver battery
[    7.657557] bus: 'platform': add driver cht_dollar_cove_ti_pmic
[    7.657557] bus: 'acpi': __driver_probe_device: matched device PNP0C0A:00 with driver battery
[    7.657564] bus: 'acpi': really_probe: probing driver battery with device PNP0C0A:00
[    7.657566] bus: 'platform': add driver gpio-clk
[    7.657569] battery PNP0C0A:00: no default pinctrl state
[    7.657577] bus: 'platform': add driver clk-fch
[    7.657583] bus: 'platform': add driver clk-pmc-atom
[    7.657591] bus: 'pci': add driver dw_dmac_pci
[    7.657606] bus: 'pci': add driver virtio-pci
[    7.657618] bus: 'pci': add driver xen-platform-pci
[    7.657635] device: 'ptmx': device_add
[    7.657648] PM: Adding info for No Bus:ptmx
[    7.657828] Serial: 8250/16550 driver, 32 ports, IRQ sharing enabled
[    7.658803] bus: 'pnp': add driver serial
[    7.660498] Registering platform device 'serial8250'. Parent at platform
[    7.660504] device: 'serial8250': device_add
[    7.660512] bus: 'platform': add device serial8250
[    7.660541] PM: Adding info for platform:serial8250
[    7.660596] device: 'serial8250:0': device_add
[    7.660638] bus: 'serial-base': add device serial8250:0
[    7.660677] PM: Adding info for serial-base:serial8250:0
[    7.660688] bus: 'serial-base': __driver_probe_device: matched device serial8250:0 with driver ctrl
[    7.660692] bus: 'serial-base': really_probe: probing driver ctrl with device serial8250:0
[    7.660696] ctrl serial8250:0: no default pinctrl state
[    7.660703] driver: 'ctrl': driver_bound: bound to device 'serial8250:0'
[    7.660708] bus: 'serial-base': really_probe: bound device serial8250:0 to driver ctrl
[    7.660734] device: 'serial8250:0.0': device_add
[    7.660739] bus: 'serial-base': add device serial8250:0.0
[    7.660750] PM: Adding info for serial-base:serial8250:0.0
[    7.660764] bus: 'serial-base': __driver_probe_device: matched device serial8250:0.0 with driver port
[    7.660766] bus: 'serial-base': really_probe: probing driver port with device serial8250:0.0
[    7.660769] port serial8250:0.0: no default pinctrl state
[    7.660775] driver: 'port': driver_bound: bound to device 'serial8250:0.0'
[    7.660779] bus: 'serial-base': really_probe: bound device serial8250:0.0 to driver port
[    7.660820] device: 'serial0': device_add
[    7.660845] bus: 'serial': add device serial0
[    7.660854] PM: Adding info for serial:serial0
[    7.660945] bus: 'serial': remove device serial0
[    7.660948] PM: Removing info for serial:serial0
[    7.660961] device: 'ttyS0': device_add
[    7.661002] PM: Adding info for No Bus:ttyS0
[    7.661111] device: 'serial8250:0.1': device_add
[    7.661116] bus: 'serial-base': add device serial8250:0.1
[    7.661124] PM: Adding info for serial-base:serial8250:0.1
[    7.661130] bus: 'serial-base': __driver_probe_device: matched device serial8250:0.1 with driver port
[    7.661132] bus: 'serial-base': really_probe: probing driver port with device serial8250:0.1
[    7.661135] port serial8250:0.1: no default pinctrl state
[    7.661140] driver: 'port': driver_bound: bound to device 'serial8250:0.1'
[    7.661143] bus: 'serial-base': really_probe: bound device serial8250:0.1 to driver port
[    7.661160] device: 'serial0': device_add
[    7.661164] bus: 'serial': add device serial0
[    7.661168] PM: Adding info for serial:serial0
[    7.661180] bus: 'serial': remove device serial0
[    7.661181] PM: Removing info for serial:serial0
[    7.661187] device: 'ttyS1': device_add
[    7.661212] PM: Adding info for No Bus:ttyS1
[    7.661349] device: 'serial8250:0.2': device_add
[    7.661355] bus: 'serial-base': add device serial8250:0.2
[    7.661364] PM: Adding info for serial-base:serial8250:0.2
[    7.661370] bus: 'serial-base': __driver_probe_device: matched device serial8250:0.2 with driver port
[    7.661373] bus: 'serial-base': really_probe: probing driver port with device serial8250:0.2
[    7.661376] port serial8250:0.2: no default pinctrl state
[    7.661381] driver: 'port': driver_bound: bound to device 'serial8250:0.2'
[    7.661385] bus: 'serial-base': really_probe: bound device serial8250:0.2 to driver port
[    7.661403] device: 'serial0': device_add
[    7.661407] bus: 'serial': add device serial0
[    7.661411] PM: Adding info for serial:serial0
[    7.661423] bus: 'serial': remove device serial0
[    7.661425] PM: Removing info for serial:serial0
[    7.661430] device: 'ttyS2': device_add
[    7.661460] PM: Adding info for No Bus:ttyS2
[    7.661588] device: 'serial8250:0.3': device_add
[    7.661595] bus: 'serial-base': add device serial8250:0.3
[    7.661604] PM: Adding info for serial-base:serial8250:0.3
[    7.661611] bus: 'serial-base': __driver_probe_device: matched device serial8250:0.3 with driver port
[    7.662972] bus: 'serial-base': really_probe: probing driver port with device serial8250:0.3
[    7.662979] port serial8250:0.3: no default pinctrl state
[    7.662990] driver: 'port': driver_bound: bound to device 'serial8250:0.3'
[    7.663001] bus: 'serial-base': really_probe: bound device serial8250:0.3 to driver port
[    7.663025] device: 'serial0': device_add
[    7.663032] bus: 'serial': add device serial0
[    7.663038] PM: Adding info for serial:serial0
[    7.663054] bus: 'serial': remove device serial0
[    7.663055] PM: Removing info for serial:serial0
[    7.663063] device: 'ttyS3': device_add
[    7.663097] PM: Adding info for No Bus:ttyS3
[    7.663215] device: 'serial8250:0.4': device_add
[    7.663221] bus: 'serial-base': add device serial8250:0.4
[    7.663232] PM: Adding info for serial-base:serial8250:0.4
[    7.663238] bus: 'serial-base': __driver_probe_device: matched device serial8250:0.4 with driver port
[    7.663241] bus: 'serial-base': really_probe: probing driver port with device serial8250:0.4
[    7.663245] port serial8250:0.4: no default pinctrl state
[    7.663250] driver: 'port': driver_bound: bound to device 'serial8250:0.4'
[    7.663255] bus: 'serial-base': really_probe: bound device serial8250:0.4 to driver port
[    7.663264] device: 'serial0': device_add
[    7.663269] bus: 'serial': add device serial0
[    7.663274] PM: Adding info for serial:serial0
[    7.663288] bus: 'serial': remove device serial0
[    7.663289] PM: Removing info for serial:serial0
[    7.663296] device: 'ttyS4': device_add
[    7.663328] PM: Adding info for No Bus:ttyS4
[    7.663480] device: 'serial8250:0.5': device_add
[    7.663487] bus: 'serial-base': add device serial8250:0.5
[    7.663496] PM: Adding info for serial-base:serial8250:0.5
[    7.663501] bus: 'serial-base': __driver_probe_device: matched device serial8250:0.5 with driver port
[    7.663504] bus: 'serial-base': really_probe: probing driver port with device serial8250:0.5
[    7.663507] port serial8250:0.5: no default pinctrl state
[    7.663512] driver: 'port': driver_bound: bound to device 'serial8250:0.5'
[    7.663516] bus: 'serial-base': really_probe: bound device serial8250:0.5 to driver port
[    7.663525] device: 'serial0': device_add
[    7.663529] bus: 'serial': add device serial0
[    7.663533] PM: Adding info for serial:serial0
[    7.663545] bus: 'serial': remove device serial0
[    7.663546] PM: Removing info for serial:serial0
[    7.663552] device: 'ttyS5': device_add
[    7.663577] PM: Adding info for No Bus:ttyS5
[    7.663696] device: 'serial8250:0.6': device_add
[    7.663702] bus: 'serial-base': add device serial8250:0.6
[    7.663714] PM: Adding info for serial-base:serial8250:0.6
[    7.663720] bus: 'serial-base': __driver_probe_device: matched device serial8250:0.6 with driver port
[    7.663722] bus: 'serial-base': really_probe: probing driver port with device serial8250:0.6
[    7.663725] port serial8250:0.6: no default pinctrl state
[    7.663731] driver: 'port': driver_bound: bound to device 'serial8250:0.6'
[    7.663734] bus: 'serial-base': really_probe: bound device serial8250:0.6 to driver port
[    7.663745] device: 'serial0': device_add
[    7.663749] bus: 'serial': add device serial0
[    7.663753] PM: Adding info for serial:serial0
[    7.663856] bus: 'serial': remove device serial0
[    7.663861] PM: Removing info for serial:serial0
[    7.663880] device: 'ttyS6': device_add
[    7.663923] PM: Adding info for No Bus:ttyS6
[    7.664038] device: 'serial8250:0.7': device_add
[    7.664046] bus: 'serial-base': add device serial8250:0.7
[    7.664057] PM: Adding info for serial-base:serial8250:0.7
[    7.664064] bus: 'serial-base': __driver_probe_device: matched device serial8250:0.7 with driver port
[    7.664067] bus: 'serial-base': really_probe: probing driver port with device serial8250:0.7
[    7.664071] port serial8250:0.7: no default pinctrl state
[    7.664077] driver: 'port': driver_bound: bound to device 'serial8250:0.7'
[    7.664081] bus: 'serial-base': really_probe: bound device serial8250:0.7 to driver port
[    7.664090] device: 'BAT0': device_add
[    7.664092] device: 'serial0': device_add
[    7.664097] bus: 'serial': add device serial0
[    7.664104] PM: Adding info for serial:serial0
[    7.664183] bus: 'serial': remove device serial0
[    7.664185] PM: Removing info for serial:serial0
[    7.664195] device: 'ttyS7': device_add
[    7.664226] PM: Adding info for No Bus:BAT0
[    7.664235] PM: Adding info for No Bus:ttyS7
[    7.664234] device: 'BAT0': dev_uevent: class uevent() returned -11
[    7.664252] device: 'hwmon1': device_add
[    7.664272] PM: Adding info for No Bus:hwmon1
[    7.664294] ACPI: battery: Slot [BAT0] (battery present)
[    7.664317] device: 'wakeup8': device_add
[    7.664334] device: 'serial8250:0.8': device_add
[    7.664346] bus: 'serial-base': add device serial8250:0.8
[    7.664350] driver: 'battery': driver_bound: bound to device 'PNP0C0A:00'
[    7.664356] bus: 'acpi': really_probe: bound device PNP0C0A:00 to driver battery
[    7.664361] PM: Adding info for serial-base:serial8250:0.8
[    7.664371] bus: 'serial-base': __driver_probe_device: matched device serial8250:0.8 with driver port
[    7.664374] bus: 'serial-base': really_probe: probing driver port with device serial8250:0.8
[    7.664379] port serial8250:0.8: no default pinctrl state
[    7.664386] driver: 'port': driver_bound: bound to device 'serial8250:0.8'
[    7.664393] bus: 'serial-base': really_probe: bound device serial8250:0.8 to driver port
[    7.664417] device: 'serial0': device_add
[    7.664424] bus: 'serial': add device serial0
[    7.664432] PM: Adding info for serial:serial0
[    7.664451] bus: 'serial': remove device serial0
[    7.664453] PM: Removing info for serial:serial0
[    7.664460] device: 'ttyS8': device_add
[    7.664486] PM: Adding info for No Bus:ttyS8
[    7.664665] device: 'serial8250:0.9': device_add
[    7.664672] bus: 'serial-base': add device serial8250:0.9
[    7.664681] PM: Adding info for serial-base:serial8250:0.9
[    7.664687] bus: 'serial-base': __driver_probe_device: matched device serial8250:0.9 with driver port
[    7.664690] bus: 'serial-base': really_probe: probing driver port with device serial8250:0.9
[    7.664693] port serial8250:0.9: no default pinctrl state
[    7.664698] driver: 'port': driver_bound: bound to device 'serial8250:0.9'
[    7.664702] bus: 'serial-base': really_probe: bound device serial8250:0.9 to driver port
[    7.664717] device: 'serial0': device_add
[    7.664721] bus: 'serial': add device serial0
[    7.664726] PM: Adding info for serial:serial0
[    7.664801] bus: 'serial': remove device serial0
[    7.664805] PM: Removing info for serial:serial0
[    7.664922] device: 'ttyS9': device_add
[    7.664975] PM: Adding info for No Bus:ttyS9
[    7.665094] device: 'serial8250:0.10': device_add
[    7.665116] bus: 'serial-base': add device serial8250:0.10
[    7.665126] PM: Adding info for serial-base:serial8250:0.10
[    7.665132] bus: 'serial-base': __driver_probe_device: matched device serial8250:0.10 with driver port
[    7.665136] bus: 'serial-base': really_probe: probing driver port with device serial8250:0.10
[    7.665144] port serial8250:0.10: no default pinctrl state
[    7.665153] driver: 'port': driver_bound: bound to device 'serial8250:0.10'
[    7.665158] bus: 'serial-base': really_probe: bound device serial8250:0.10 to driver port
[    7.665184] device: 'serial0': device_add
[    7.665189] bus: 'serial': add device serial0
[    7.665193] PM: Adding info for serial:serial0
[    7.665205] bus: 'serial': remove device serial0
[    7.665207] PM: Removing info for serial:serial0
[    7.665213] device: 'ttyS10': device_add
[    7.665239] PM: Adding info for No Bus:ttyS10
[    7.665400] device: 'serial8250:0.11': device_add
[    7.665407] bus: 'serial-base': add device serial8250:0.11
[    7.665417] PM: Adding info for serial-base:serial8250:0.11
[    7.665423] bus: 'serial-base': __driver_probe_device: matched device serial8250:0.11 with driver port
[    7.665425] bus: 'serial-base': really_probe: probing driver port with device serial8250:0.11
[    7.665428] port serial8250:0.11: no default pinctrl state
[    7.665434] driver: 'port': driver_bound: bound to device 'serial8250:0.11'
[    7.665438] bus: 'serial-base': really_probe: bound device serial8250:0.11 to driver port
[    7.665452] device: 'serial0': device_add
[    7.665457] bus: 'serial': add device serial0
[    7.665461] PM: Adding info for serial:serial0
[    7.665473] bus: 'serial': remove device serial0
[    7.665474] PM: Removing info for serial:serial0
[    7.665480] device: 'ttyS11': device_add
[    7.665506] PM: Adding info for No Bus:ttyS11
[    7.665666] device: 'serial8250:0.12': device_add
[    7.665672] bus: 'serial-base': add device serial8250:0.12
[    7.665681] PM: Adding info for serial-base:serial8250:0.12
[    7.665687] bus: 'serial-base': __driver_probe_device: matched device serial8250:0.12 with driver port
[    7.665689] bus: 'serial-base': really_probe: probing driver port with device serial8250:0.12
[    7.665692] port serial8250:0.12: no default pinctrl state
[    7.665698] driver: 'port': driver_bound: bound to device 'serial8250:0.12'
[    7.665701] bus: 'serial-base': really_probe: bound device serial8250:0.12 to driver port
[    7.665738] device: 'serial0': device_add
[    7.665745] bus: 'serial': add device serial0
[    7.665750] PM: Adding info for serial:serial0
[    7.665804] bus: 'serial': remove device serial0
[    7.665807] PM: Removing info for serial:serial0
[    7.665820] device: 'ttyS12': device_add
[    7.665864] PM: Adding info for No Bus:ttyS12
[    7.666038] device: 'serial8250:0.13': device_add
[    7.666045] bus: 'serial-base': add device serial8250:0.13
[    7.666054] PM: Adding info for serial-base:serial8250:0.13
[    7.666060] bus: 'serial-base': __driver_probe_device: matched device serial8250:0.13 with driver port
[    7.666062] bus: 'serial-base': really_probe: probing driver port with device serial8250:0.13
[    7.666065] port serial8250:0.13: no default pinctrl state
[    7.666071] driver: 'port': driver_bound: bound to device 'serial8250:0.13'
[    7.666074] bus: 'serial-base': really_probe: bound device serial8250:0.13 to driver port
[    7.666083] device: 'serial0': device_add
[    7.666087] bus: 'serial': add device serial0
[    7.666091] PM: Adding info for serial:serial0
[    7.666103] bus: 'serial': remove device serial0
[    7.666104] PM: Removing info for serial:serial0
[    7.666110] device: 'ttyS13': device_add
[    7.666136] PM: Adding info for No Bus:ttyS13
[    7.666293] device: 'serial8250:0.14': device_add
[    7.666300] bus: 'serial-base': add device serial8250:0.14
[    7.666309] PM: Adding info for serial-base:serial8250:0.14
[    7.666315] bus: 'serial-base': __driver_probe_device: matched device serial8250:0.14 with driver port
[    7.666317] bus: 'serial-base': really_probe: probing driver port with device serial8250:0.14
[    7.666320] port serial8250:0.14: no default pinctrl state
[    7.666325] driver: 'port': driver_bound: bound to device 'serial8250:0.14'
[    7.666329] bus: 'serial-base': really_probe: bound device serial8250:0.14 to driver port
[    7.666338] device: 'serial0': device_add
[    7.666342] bus: 'serial': add device serial0
[    7.666346] PM: Adding info for serial:serial0
[    7.666358] bus: 'serial': remove device serial0
[    7.666359] PM: Removing info for serial:serial0
[    7.666365] device: 'ttyS14': device_add
[    7.666391] PM: Adding info for No Bus:ttyS14
[    7.666553] device: 'serial8250:0.15': device_add
[    7.666559] bus: 'serial-base': add device serial8250:0.15
[    7.666568] PM: Adding info for serial-base:serial8250:0.15
[    7.666574] bus: 'serial-base': __driver_probe_device: matched device serial8250:0.15 with driver port
[    7.666576] bus: 'serial-base': really_probe: probing driver port with device serial8250:0.15
[    7.666579] port serial8250:0.15: no default pinctrl state
[    7.666585] driver: 'port': driver_bound: bound to device 'serial8250:0.15'
[    7.666589] bus: 'serial-base': really_probe: bound device serial8250:0.15 to driver port
[    7.666597] device: 'serial0': device_add
[    7.666601] bus: 'serial': add device serial0
[    7.666605] PM: Adding info for serial:serial0
[    7.666617] bus: 'serial': remove device serial0
[    7.666619] PM: Removing info for serial:serial0
[    7.666624] device: 'ttyS15': device_add
[    7.666650] PM: Adding info for No Bus:ttyS15
[    7.667000] device: 'serial8250:0.16': device_add
[    7.667007] bus: 'serial-base': add device serial8250:0.16
[    7.667018] PM: Adding info for serial-base:serial8250:0.16
[    7.667024] bus: 'serial-base': __driver_probe_device: matched device serial8250:0.16 with driver port
[    7.667027] bus: 'serial-base': really_probe: probing driver port with device serial8250:0.16
[    7.667030] port serial8250:0.16: no default pinctrl state
[    7.667036] driver: 'port': driver_bound: bound to device 'serial8250:0.16'
[    7.667040] bus: 'serial-base': really_probe: bound device serial8250:0.16 to driver port
[    7.667050] device: 'serial0': device_add
[    7.667055] bus: 'serial': add device serial0
[    7.667060] PM: Adding info for serial:serial0
[    7.667074] bus: 'serial': remove device serial0
[    7.667076] PM: Removing info for serial:serial0
[    7.667082] device: 'ttyS16': device_add
[    7.667114] PM: Adding info for No Bus:ttyS16
[    7.667275] device: 'serial8250:0.17': device_add
[    7.667281] bus: 'serial-base': add device serial8250:0.17
[    7.667298] PM: Adding info for serial-base:serial8250:0.17
[    7.667304] bus: 'serial-base': __driver_probe_device: matched device serial8250:0.17 with driver port
[    7.667307] bus: 'serial-base': really_probe: probing driver port with device serial8250:0.17
[    7.667310] port serial8250:0.17: no default pinctrl state
[    7.667315] driver: 'port': driver_bound: bound to device 'serial8250:0.17'
[    7.667319] bus: 'serial-base': really_probe: bound device serial8250:0.17 to driver port
[    7.667328] device: 'serial0': device_add
[    7.667332] bus: 'serial': add device serial0
[    7.667336] PM: Adding info for serial:serial0
[    7.667348] bus: 'serial': remove device serial0
[    7.667349] PM: Removing info for serial:serial0
[    7.667355] device: 'ttyS17': device_add
[    7.667381] PM: Adding info for No Bus:ttyS17
[    7.667539] device: 'serial8250:0.18': device_add
[    7.667546] bus: 'serial-base': add device serial8250:0.18
[    7.667555] PM: Adding info for serial-base:serial8250:0.18
[    7.667561] bus: 'serial-base': __driver_probe_device: matched device serial8250:0.18 with driver port
[    7.667563] bus: 'serial-base': really_probe: probing driver port with device serial8250:0.18
[    7.667566] port serial8250:0.18: no default pinctrl state
[    7.667571] driver: 'port': driver_bound: bound to device 'serial8250:0.18'
[    7.667575] bus: 'serial-base': really_probe: bound device serial8250:0.18 to driver port
[    7.667584] device: 'serial0': device_add
[    7.667588] bus: 'serial': add device serial0
[    7.667593] PM: Adding info for serial:serial0
[    7.667605] bus: 'serial': remove device serial0
[    7.667606] PM: Removing info for serial:serial0
[    7.667612] device: 'ttyS18': device_add
[    7.667638] PM: Adding info for No Bus:ttyS18
[    7.667836] device: 'serial8250:0.19': device_add
[    7.667844] bus: 'serial-base': add device serial8250:0.19
[    7.667855] PM: Adding info for serial-base:serial8250:0.19
[    7.667862] bus: 'serial-base': __driver_probe_device: matched device serial8250:0.19 with driver port
[    7.667865] bus: 'serial-base': really_probe: probing driver port with device serial8250:0.19
[    7.667869] port serial8250:0.19: no default pinctrl state
[    7.667875] driver: 'port': driver_bound: bound to device 'serial8250:0.19'
[    7.667880] bus: 'serial-base': really_probe: bound device serial8250:0.19 to driver port
[    7.667890] device: 'serial0': device_add
[    7.667895] bus: 'serial': add device serial0
[    7.667901] PM: Adding info for serial:serial0
[    7.667915] bus: 'serial': remove device serial0
[    7.667917] PM: Removing info for serial:serial0
[    7.667924] device: 'ttyS19': device_add
[    7.667956] PM: Adding info for No Bus:ttyS19
[    7.668115] device: 'serial8250:0.20': device_add
[    7.668122] bus: 'serial-base': add device serial8250:0.20
[    7.668131] PM: Adding info for serial-base:serial8250:0.20
[    7.668137] bus: 'serial-base': __driver_probe_device: matched device serial8250:0.20 with driver port
[    7.668139] bus: 'serial-base': really_probe: probing driver port with device serial8250:0.20
[    7.668142] port serial8250:0.20: no default pinctrl state
[    7.668147] driver: 'port': driver_bound: bound to device 'serial8250:0.20'
[    7.668151] bus: 'serial-base': really_probe: bound device serial8250:0.20 to driver port
[    7.668160] device: 'serial0': device_add
[    7.668164] bus: 'serial': add device serial0
[    7.668168] PM: Adding info for serial:serial0
[    7.668180] bus: 'serial': remove device serial0
[    7.668181] PM: Removing info for serial:serial0
[    7.668187] device: 'ttyS20': device_add
[    7.668213] PM: Adding info for No Bus:ttyS20
[    7.668372] device: 'serial8250:0.21': device_add
[    7.668379] bus: 'serial-base': add device serial8250:0.21
[    7.668388] PM: Adding info for serial-base:serial8250:0.21
[    7.668394] bus: 'serial-base': __driver_probe_device: matched device serial8250:0.21 with driver port
[    7.668396] bus: 'serial-base': really_probe: probing driver port with device serial8250:0.21
[    7.668399] port serial8250:0.21: no default pinctrl state
[    7.668405] driver: 'port': driver_bound: bound to device 'serial8250:0.21'
[    7.668409] bus: 'serial-base': really_probe: bound device serial8250:0.21 to driver port
[    7.668418] device: 'serial0': device_add
[    7.668422] bus: 'serial': add device serial0
[    7.668426] PM: Adding info for serial:serial0
[    7.668437] bus: 'serial': remove device serial0
[    7.668439] PM: Removing info for serial:serial0
[    7.668445] device: 'ttyS21': device_add
[    7.668470] PM: Adding info for No Bus:ttyS21
[    7.668628] device: 'serial8250:0.22': device_add
[    7.668672] bus: 'serial-base': add device serial8250:0.22
[    7.668685] PM: Adding info for serial-base:serial8250:0.22
[    7.668698] bus: 'serial-base': __driver_probe_device: matched device serial8250:0.22 with driver port
[    7.668701] bus: 'serial-base': really_probe: probing driver port with device serial8250:0.22
[    7.668705] port serial8250:0.22: no default pinctrl state
[    7.668733] driver: 'port': driver_bound: bound to device 'serial8250:0.22'
[    7.668740] bus: 'serial-base': really_probe: bound device serial8250:0.22 to driver port
[    7.668780] device: 'serial0': device_add
[    7.668787] bus: 'serial': add device serial0
[    7.668792] PM: Adding info for serial:serial0
[    7.668808] bus: 'serial': remove device serial0
[    7.668809] PM: Removing info for serial:serial0
[    7.668816] device: 'ttyS22': device_add
[    7.668850] PM: Adding info for No Bus:ttyS22
[    7.668953] device: 'serial8250:0.23': device_add
[    7.668960] bus: 'serial-base': add device serial8250:0.23
[    7.668969] PM: Adding info for serial-base:serial8250:0.23
[    7.668974] bus: 'serial-base': __driver_probe_device: matched device serial8250:0.23 with driver port
[    7.668976] bus: 'serial-base': really_probe: probing driver port with device serial8250:0.23
[    7.668980] port serial8250:0.23: no default pinctrl state
[    7.668985] driver: 'port': driver_bound: bound to device 'serial8250:0.23'
[    7.668988] bus: 'serial-base': really_probe: bound device serial8250:0.23 to driver port
[    7.668997] device: 'serial0': device_add
[    7.669001] bus: 'serial': add device serial0
[    7.669005] PM: Adding info for serial:serial0
[    7.669016] bus: 'serial': remove device serial0
[    7.669017] PM: Removing info for serial:serial0
[    7.669023] device: 'ttyS23': device_add
[    7.669048] PM: Adding info for No Bus:ttyS23
[    7.669190] device: 'serial8250:0.24': device_add
[    7.669196] bus: 'serial-base': add device serial8250:0.24
[    7.669205] PM: Adding info for serial-base:serial8250:0.24
[    7.669211] bus: 'serial-base': __driver_probe_device: matched device serial8250:0.24 with driver port
[    7.669214] bus: 'serial-base': really_probe: probing driver port with device serial8250:0.24
[    7.669217] port serial8250:0.24: no default pinctrl state
[    7.669222] driver: 'port': driver_bound: bound to device 'serial8250:0.24'
[    7.669226] bus: 'serial-base': really_probe: bound device serial8250:0.24 to driver port
[    7.669235] device: 'serial0': device_add
[    7.669239] bus: 'serial': add device serial0
[    7.669243] PM: Adding info for serial:serial0
[    7.669255] bus: 'serial': remove device serial0
[    7.669256] PM: Removing info for serial:serial0
[    7.669262] device: 'ttyS24': device_add
[    7.669288] PM: Adding info for No Bus:ttyS24
[    7.669460] device: 'serial8250:0.25': device_add
[    7.669466] bus: 'serial-base': add device serial8250:0.25
[    7.669476] PM: Adding info for serial-base:serial8250:0.25
[    7.669481] bus: 'serial-base': __driver_probe_device: matched device serial8250:0.25 with driver port
[    7.669484] bus: 'serial-base': really_probe: probing driver port with device serial8250:0.25
[    7.669487] port serial8250:0.25: no default pinctrl state
[    7.669492] driver: 'port': driver_bound: bound to device 'serial8250:0.25'
[    7.669496] bus: 'serial-base': really_probe: bound device serial8250:0.25 to driver port
[    7.669505] device: 'serial0': device_add
[    7.669509] bus: 'serial': add device serial0
[    7.669513] PM: Adding info for serial:serial0
[    7.669525] bus: 'serial': remove device serial0
[    7.669526] PM: Removing info for serial:serial0
[    7.669532] device: 'ttyS25': device_add
[    7.669558] PM: Adding info for No Bus:ttyS25
[    7.669711] device: 'serial8250:0.26': device_add
[    7.669718] bus: 'serial-base': add device serial8250:0.26
[    7.669727] PM: Adding info for serial-base:serial8250:0.26
[    7.669733] bus: 'serial-base': __driver_probe_device: matched device serial8250:0.26 with driver port
[    7.669736] bus: 'serial-base': really_probe: probing driver port with device serial8250:0.26
[    7.669742] port serial8250:0.26: no default pinctrl state
[    7.669748] driver: 'port': driver_bound: bound to device 'serial8250:0.26'
[    7.669751] bus: 'serial-base': really_probe: bound device serial8250:0.26 to driver port
[    7.669761] device: 'serial0': device_add
[    7.669765] bus: 'serial': add device serial0
[    7.669769] PM: Adding info for serial:serial0
[    7.669783] bus: 'serial': remove device serial0
[    7.669784] PM: Removing info for serial:serial0
[    7.669790] device: 'ttyS26': device_add
[    7.669818] PM: Adding info for No Bus:ttyS26
[    7.670001] device: 'serial8250:0.27': device_add
[    7.670008] bus: 'serial-base': add device serial8250:0.27
[    7.670020] PM: Adding info for serial-base:serial8250:0.27
[    7.670027] bus: 'serial-base': __driver_probe_device: matched device serial8250:0.27 with driver port
[    7.670029] bus: 'serial-base': really_probe: probing driver port with device serial8250:0.27
[    7.670033] port serial8250:0.27: no default pinctrl state
[    7.670040] driver: 'port': driver_bound: bound to device 'serial8250:0.27'
[    7.670044] bus: 'serial-base': really_probe: bound device serial8250:0.27 to driver port
[    7.670055] device: 'serial0': device_add
[    7.670060] bus: 'serial': add device serial0
[    7.670065] PM: Adding info for serial:serial0
[    7.670080] bus: 'serial': remove device serial0
[    7.670081] PM: Removing info for serial:serial0
[    7.670088] device: 'ttyS27': device_add
[    7.670121] PM: Adding info for No Bus:ttyS27
[    7.670292] device: 'serial8250:0.28': device_add
[    7.670298] bus: 'serial-base': add device serial8250:0.28
[    7.670307] PM: Adding info for serial-base:serial8250:0.28
[    7.670313] bus: 'serial-base': __driver_probe_device: matched device serial8250:0.28 with driver port
[    7.670316] bus: 'serial-base': really_probe: probing driver port with device serial8250:0.28
[    7.670319] port serial8250:0.28: no default pinctrl state
[    7.670324] driver: 'port': driver_bound: bound to device 'serial8250:0.28'
[    7.670328] bus: 'serial-base': really_probe: bound device serial8250:0.28 to driver port
[    7.670337] device: 'serial0': device_add
[    7.670341] bus: 'serial': add device serial0
[    7.670345] PM: Adding info for serial:serial0
[    7.670357] bus: 'serial': remove device serial0
[    7.670358] PM: Removing info for serial:serial0
[    7.670364] device: 'ttyS28': device_add
[    7.670391] PM: Adding info for No Bus:ttyS28
[    7.670533] device: 'serial8250:0.29': device_add
[    7.670540] bus: 'serial-base': add device serial8250:0.29
[    7.670550] PM: Adding info for serial-base:serial8250:0.29
[    7.670556] bus: 'serial-base': __driver_probe_device: matched device serial8250:0.29 with driver port
[    7.670558] bus: 'serial-base': really_probe: probing driver port with device serial8250:0.29
[    7.670561] port serial8250:0.29: no default pinctrl state
[    7.670566] driver: 'port': driver_bound: bound to device 'serial8250:0.29'
[    7.670570] bus: 'serial-base': really_probe: bound device serial8250:0.29 to driver port
[    7.670579] device: 'serial0': device_add
[    7.670583] bus: 'serial': add device serial0
[    7.670611] PM: Adding info for serial:serial0
[    7.670630] bus: 'serial': remove device serial0
[    7.670632] PM: Removing info for serial:serial0
[    7.670640] device: 'ttyS29': device_add
[    7.670674] PM: Adding info for No Bus:ttyS29
[    7.670832] device: 'serial8250:0.30': device_add
[    7.670839] bus: 'serial-base': add device serial8250:0.30
[    7.670848] PM: Adding info for serial-base:serial8250:0.30
[    7.670854] bus: 'serial-base': __driver_probe_device: matched device serial8250:0.30 with driver port
[    7.670856] bus: 'serial-base': really_probe: probing driver port with device serial8250:0.30
[    7.670859] port serial8250:0.30: no default pinctrl state
[    7.670865] driver: 'port': driver_bound: bound to device 'serial8250:0.30'
[    7.670869] bus: 'serial-base': really_probe: bound device serial8250:0.30 to driver port
[    7.670878] device: 'serial0': device_add
[    7.670882] bus: 'serial': add device serial0
[    7.670886] PM: Adding info for serial:serial0
[    7.670898] bus: 'serial': remove device serial0
[    7.670899] PM: Removing info for serial:serial0
[    7.670905] device: 'ttyS30': device_add
[    7.670932] PM: Adding info for No Bus:ttyS30
[    7.671084] device: 'serial8250:0.31': device_add
[    7.671091] bus: 'serial-base': add device serial8250:0.31
[    7.671100] PM: Adding info for serial-base:serial8250:0.31
[    7.671106] bus: 'serial-base': __driver_probe_device: matched device serial8250:0.31 with driver port
[    7.671108] bus: 'serial-base': really_probe: probing driver port with device serial8250:0.31
[    7.671111] port serial8250:0.31: no default pinctrl state
[    7.671116] driver: 'port': driver_bound: bound to device 'serial8250:0.31'
[    7.671120] bus: 'serial-base': really_probe: bound device serial8250:0.31 to driver port
[    7.671129] device: 'serial0': device_add
[    7.671133] bus: 'serial': add device serial0
[    7.671137] PM: Adding info for serial:serial0
[    7.671149] bus: 'serial': remove device serial0
[    7.671150] PM: Removing info for serial:serial0
[    7.671156] device: 'ttyS31': device_add
[    7.671181] PM: Adding info for No Bus:ttyS31
[    7.671319] bus: 'platform': add driver serial8250
[    7.671329] bus: 'platform': __driver_probe_device: matched device serial8250 with driver serial8250
[    7.671332] bus: 'platform': really_probe: probing driver serial8250 with device serial8250
[    7.671335] serial8250 serial8250: no default pinctrl state
[    7.671341] driver: 'serial8250': driver_bound: bound to device 'serial8250'
[    7.671346] bus: 'platform': really_probe: bound device serial8250 to driver serial8250
[    7.671355] bus: 'platform': add driver dw-apb-uart
[    7.671365] bus: 'pci': add driver 8250_mid
[    7.671380] bus: 'pci': add driver serial
[    7.671397] bus: 'pci': add driver pci1xxxx serial
[    7.671407] bus: 'pci': add driver 8250_pericom
[    7.671419] bus: 'platform': add driver kgdboc
[    7.671426] Registering platform device 'kgdboc'. Parent at platform
[    7.671428] device: 'kgdboc': device_add
[    7.671432] bus: 'platform': add device kgdboc
[    7.671444] PM: Adding info for platform:kgdboc
[    7.671455] bus: 'platform': __driver_probe_device: matched device kgdboc with driver kgdboc
[    7.671457] bus: 'platform': really_probe: probing driver kgdboc with device kgdboc
[    7.671460] kgdboc kgdboc: no default pinctrl state
[    7.671481] driver: 'kgdboc': driver_bound: bound to device 'kgdboc'
[    7.671485] bus: 'platform': really_probe: bound device kgdboc to driver kgdboc
[    7.671495] device: 'hpet': device_add
[    7.671509] PM: Adding info for No Bus:hpet
[    7.671634] bus: 'acpi': add driver hpet
[    7.671663] device: 'nvram': device_add
[    7.671677] PM: Adding info for No Bus:nvram
[    7.671820] Non-volatile memory driver v1.3
[    7.671825] bus: 'virtio': add driver virtio_rng
[    7.671837] Linux agpgart interface v0.103
[    7.671840] bus: 'pci': add driver agpgart-amd64
[    7.671881] bus: 'pci': remove driver agpgart-amd64
[    7.671891] driver: 'agpgart-amd64': driver_release
[    7.671893] bus: 'pci': add driver agpgart-intel
[    7.671898] bus: 'pci': __driver_probe_device: matched device 0000:00:00.0 with driver agpgart-intel
[    7.671901] bus: 'pci': really_probe: probing driver agpgart-intel with device 0000:00:00.0
[    7.671905] agpgart-intel 0000:00:00.0: no default pinctrl state
[    7.671984] agpgart-intel: probe of 0000:00:00.0 rejects match -19
[    7.672003] bus: 'pci': add driver agpgart-sis
[    7.672019] bus: 'pci': add driver agpgart-via
[    7.672033] bus: 'platform': add driver tpm_tis
[    7.672046] bus: 'pnp': add driver tpm_tis
[    7.672056] bus: 'acpi': add driver tpm_crb
[    7.672075] bus: 'virtio': add driver virtio_iommu
[    7.672089] device class 'drm': registering
[    7.672100] ACPI: bus type drm_connector registered
[    7.672111] device class 'accel': registering
[    7.672122] bus: 'platform': add driver simple-framebuffer
[    7.672127] bus: 'platform': __driver_probe_device: matched device simple-framebuffer.0 with driver simple-framebuffer
[    7.672130] bus: 'platform': really_probe: probing driver simple-framebuffer with device simple-framebuffer.0
[    7.672133] simple-framebuffer simple-framebuffer.0: no default pinctrl state
[    7.672363] device: 'card0': device_add
[    7.672385] PM: Adding info for No Bus:card0
[    7.672581] device: 'card0-Unknown-1': device_add
[    7.672616] PM: Adding info for No Bus:card0-Unknown-1
[    7.672650] [drm] Initialized simpledrm 1.0.0 20200625 for simple-framebuffer.0 on minor 0
[    7.673039] device: 'fb0': device_add
[    7.673069] PM: Adding info for No Bus:fb0
[    7.673305] fbcon: Deferring console take-over
[    7.673309] simple-framebuffer simple-framebuffer.0: [drm] fb0: simpledrmdrmfb frame buffer device
[    7.673333] driver: 'simple-framebuffer': driver_bound: bound to device 'simple-framebuffer.0'
[    7.673345] bus: 'platform': really_probe: bound device simple-framebuffer.0 to driver simple-framebuffer
[    7.673491] device: 'cache': device_add
[    7.673507] device: 'index0': device_add
[    7.673574] device: 'index1': device_add
[    7.673605] device: 'index2': device_add
[    7.673629] device: 'index3': device_add
[    7.673730] device: 'cache': device_add
[    7.673739] device: 'index0': device_add
[    7.673791] device: 'index1': device_add
[    7.673810] device: 'index2': device_add
[    7.673827] device: 'index3': device_add
[    7.673905] device: 'cache': device_add
[    7.673919] device: 'index0': device_add
[    7.673938] device: 'index1': device_add
[    7.673952] device: 'index2': device_add
[    7.673964] device: 'index3': device_add
[    7.674067] device: 'cache': device_add
[    7.674086] device: 'index0': device_add
[    7.674111] device: 'index1': device_add
[    7.674135] device: 'index2': device_add
[    7.674157] device: 'index3': device_add
[    7.674222] device class 'devcoredump': registering
[    7.674251] bus: 'i2c': add driver axp20x-i2c
[    7.674312] bus: 'pci': add driver intel-lpss
[    7.674347] bus: 'platform': add driver intel-lpss
[    7.674362] bus: 'i2c': add driver crystal_cove_i2c
[    7.674369] bus: 'i2c': add driver CHT Whiskey Cove PMIC
[    7.674376] bus: 'i2c': add driver intel_soc_pmic_chtdc_ti
[    7.674430] device: 'system': device_add
[    7.674448] PM: Adding info for No Bus:system
[    7.674608] device: 'udmabuf': device_add
[    7.674624] PM: Adding info for No Bus:udmabuf
[    7.674798] device class 'scsi_disk': registering
[    7.674813] bus: 'scsi': add driver sd
[    7.674825] bus: 'scsi': add driver sr
[    7.674834] device class 'scsi_generic': registering
[    7.674863] bus: 'pci': add driver ahci
[    7.674877] bus: 'pci': __driver_probe_device: matched device 0000:00:0d.0 with driver ahci
[    7.674881] bus: 'pci': really_probe: probing driver ahci with device 0000:00:0d.0
[    7.674886] ahci 0000:00:0d.0: no default pinctrl state
[    7.674903] ahci 0000:00:0d.0: version 3.0
[    7.676165] ahci 0000:00:0d.0: SSS flag set, parallel bus scan disabled
[    7.676330] ahci 0000:00:0d.0: AHCI 0001.0100 32 slots 1 ports 3 Gbps 0x1 impl SATA mode
[    7.676335] ahci 0000:00:0d.0: flags: 64bit ncq stag only ccc 
[    7.676521] device: 'ata1': device_add
[    7.676538] PM: Adding info for No Bus:ata1
[    7.676544] device: 'ata1': device_add
[    7.676564] PM: Adding info for No Bus:ata1
[    7.676587] device: 'link1': device_add
[    7.676599] PM: Adding info for No Bus:link1
[    7.676601] device: 'link1': device_add
[    7.676618] PM: Adding info for No Bus:link1
[    7.676636] device: 'dev1.0': device_add
[    7.676649] PM: Adding info for No Bus:dev1.0
[    7.676651] device: 'dev1.0': device_add
[    7.676668] PM: Adding info for No Bus:dev1.0
[    7.677055] device: 'scsi_tmf_0': device_add
[    7.677065] bus: 'workqueue': add device scsi_tmf_0
[    7.677077] PM: Adding info for workqueue:scsi_tmf_0
[    7.677088] scsi host0: ahci
[    7.677122] device: 'host0': device_add
[    7.677128] bus: 'scsi': add device host0
[    7.677138] PM: Adding info for scsi:host0
[    7.677150] device: 'host0': device_add
[    7.677188] PM: Adding info for No Bus:host0
[    7.677207] ata1: SATA max UDMA/133 abar m8192@0x81654000 port 0x81654100 irq 21 lpm-pol 0
[    7.677217] driver: 'ahci': driver_bound: bound to device '0000:00:0d.0'
[    7.677225] bus: 'pci': really_probe: bound device 0000:00:0d.0 to driver ahci
[    7.677237] bus: 'pci': add driver ata_piix
[    7.677243] bus: 'pci': __driver_probe_device: matched device 0000:00:01.1 with driver ata_piix
[    7.677245] bus: 'pci': really_probe: probing driver ata_piix with device 0000:00:01.1
[    7.677249] ata_piix 0000:00:01.1: no default pinctrl state
[    7.677256] ata_piix 0000:00:01.1: version 2.13
[    7.677460] device: 'ata2': device_add
[    7.677475] PM: Adding info for No Bus:ata2
[    7.677479] device: 'ata2': device_add
[    7.677497] PM: Adding info for No Bus:ata2
[    7.677508] device: 'link2': device_add
[    7.677519] PM: Adding info for No Bus:link2
[    7.677522] device: 'link2': device_add
[    7.677538] PM: Adding info for No Bus:link2
[    7.677549] device: 'dev2.0': device_add
[    7.677560] PM: Adding info for No Bus:dev2.0
[    7.677563] device: 'dev2.0': device_add
